<?xml version="1.0"?>
<link_info>
   <banner>TMS320C6x Linker PC v7.4.2</banner>
   <copyright>Copyright (c) 1996-2012 Texas Instruments Incorporated</copyright>
   <link_time>0x5a127cd2</link_time>
   <output_file>core0.out</output_file>
   <entry_point>
      <name>_c_int00</name>
      <address>0x10800000</address>
   </entry_point>
   <input_file_list>
      <input_file id="fl-2">
         <path>.\src\</path>
         <kind>object</kind>
         <file>platform.obj</file>
         <name>platform.obj</name>
      </input_file>
      <input_file id="fl-3">
         <path>.\src\</path>
         <kind>object</kind>
         <file>evmc66x_uart.obj</file>
         <name>evmc66x_uart.obj</name>
      </input_file>
      <input_file id="fl-4">
         <path>.\src\</path>
         <kind>object</kind>
         <file>evmc66x_spi.obj</file>
         <name>evmc66x_spi.obj</name>
      </input_file>
      <input_file id="fl-5">
         <path>.\src\</path>
         <kind>object</kind>
         <file>evmc66x_nor.obj</file>
         <name>evmc66x_nor.obj</name>
      </input_file>
      <input_file id="fl-6">
         <path>.\src\</path>
         <kind>object</kind>
         <file>evmc66x_i2c_eeprom.obj</file>
         <name>evmc66x_i2c_eeprom.obj</name>
      </input_file>
      <input_file id="fl-7">
         <path>.\src\</path>
         <kind>object</kind>
         <file>evmc66x_gpio.obj</file>
         <name>evmc66x_gpio.obj</name>
      </input_file>
      <input_file id="fl-8">
         <path>.\src\</path>
         <kind>object</kind>
         <file>evmc66x_fpga.obj</file>
         <name>evmc66x_fpga.obj</name>
      </input_file>
      <input_file id="fl-9">
         <path>.\src\</path>
         <kind>object</kind>
         <file>evmc6678_phy.obj</file>
         <name>evmc6678_phy.obj</name>
      </input_file>
      <input_file id="fl-a">
         <path>.\src\</path>
         <kind>object</kind>
         <file>evmc6678.obj</file>
         <name>evmc6678.obj</name>
      </input_file>
      <input_file id="fl-b">
         <path>.\src\</path>
         <kind>object</kind>
         <file>evm66x_nand.obj</file>
         <name>evm66x_nand.obj</name>
      </input_file>
      <input_file id="fl-c">
         <path>.\src\</path>
         <kind>object</kind>
         <file>evm66x_i2c.obj</file>
         <name>evm66x_i2c.obj</name>
      </input_file>
      <input_file id="fl-d">
         <path>.\src\</path>
         <kind>object</kind>
         <file>csl_gpioGetBaseAddress.obj</file>
         <name>csl_gpioGetBaseAddress.obj</name>
      </input_file>
      <input_file id="fl-e">
         <path>.\</path>
         <kind>object</kind>
         <file>xmc_setup.obj</file>
         <name>xmc_setup.obj</name>
      </input_file>
      <input_file id="fl-f">
         <path>.\</path>
         <kind>object</kind>
         <file>nand_flash.obj</file>
         <name>nand_flash.obj</name>
      </input_file>
      <input_file id="fl-10">
         <path>.\</path>
         <kind>object</kind>
         <file>main.obj</file>
         <name>main.obj</name>
      </input_file>
      <input_file id="fl-8b">
         <path>C:\ti\ccsv5\tools\compiler\c6000_7.4.2\lib\</path>
         <kind>archive</kind>
         <file>rts6600_elf.lib</file>
         <name>boot.obj</name>
      </input_file>
      <input_file id="fl-8c">
         <path>C:\ti\ccsv5\tools\compiler\c6000_7.4.2\lib\</path>
         <kind>archive</kind>
         <file>rts6600_elf.lib</file>
         <name>copy_decompress_none.obj</name>
      </input_file>
      <input_file id="fl-8d">
         <path>C:\ti\ccsv5\tools\compiler\c6000_7.4.2\lib\</path>
         <kind>archive</kind>
         <file>rts6600_elf.lib</file>
         <name>copy_decompress_rle.obj</name>
      </input_file>
      <input_file id="fl-8e">
         <path>C:\ti\ccsv5\tools\compiler\c6000_7.4.2\lib\</path>
         <kind>archive</kind>
         <file>rts6600_elf.lib</file>
         <name>copy_zero_init.obj</name>
      </input_file>
      <input_file id="fl-8f">
         <path>C:\ti\ccsv5\tools\compiler\c6000_7.4.2\lib\</path>
         <kind>archive</kind>
         <file>rts6600_elf.lib</file>
         <name>divi.obj</name>
      </input_file>
      <input_file id="fl-90">
         <path>C:\ti\ccsv5\tools\compiler\c6000_7.4.2\lib\</path>
         <kind>archive</kind>
         <file>rts6600_elf.lib</file>
         <name>divu.obj</name>
      </input_file>
      <input_file id="fl-91">
         <path>C:\ti\ccsv5\tools\compiler\c6000_7.4.2\lib\</path>
         <kind>archive</kind>
         <file>rts6600_elf.lib</file>
         <name>exit.obj</name>
      </input_file>
      <input_file id="fl-92">
         <path>C:\ti\ccsv5\tools\compiler\c6000_7.4.2\lib\</path>
         <kind>archive</kind>
         <file>rts6600_elf.lib</file>
         <name>memcpy64.obj</name>
      </input_file>
      <input_file id="fl-93">
         <path>C:\ti\ccsv5\tools\compiler\c6000_7.4.2\lib\</path>
         <kind>archive</kind>
         <file>rts6600_elf.lib</file>
         <name>memory.obj</name>
      </input_file>
      <input_file id="fl-94">
         <path>C:\ti\ccsv5\tools\compiler\c6000_7.4.2\lib\</path>
         <kind>archive</kind>
         <file>rts6600_elf.lib</file>
         <name>memset.obj</name>
      </input_file>
      <input_file id="fl-95">
         <path>C:\ti\ccsv5\tools\compiler\c6000_7.4.2\lib\</path>
         <kind>archive</kind>
         <file>rts6600_elf.lib</file>
         <name>printf.obj</name>
      </input_file>
      <input_file id="fl-96">
         <path>C:\ti\ccsv5\tools\compiler\c6000_7.4.2\lib\</path>
         <kind>archive</kind>
         <file>rts6600_elf.lib</file>
         <name>remu.obj</name>
      </input_file>
      <input_file id="fl-97">
         <path>C:\ti\ccsv5\tools\compiler\c6000_7.4.2\lib\</path>
         <kind>archive</kind>
         <file>rts6600_elf.lib</file>
         <name>strlen.obj</name>
      </input_file>
      <input_file id="fl-98">
         <path>C:\ti\ccsv5\tools\compiler\c6000_7.4.2\lib\</path>
         <kind>archive</kind>
         <file>rts6600_elf.lib</file>
         <name>strncpy.obj</name>
      </input_file>
      <input_file id="fl-99">
         <path>C:\ti\ccsv5\tools\compiler\c6000_7.4.2\lib\</path>
         <kind>archive</kind>
         <file>rts6600_elf.lib</file>
         <name>vsprintf.obj</name>
      </input_file>
      <input_file id="fl-9a">
         <path>C:\ti\ccsv5\tools\compiler\c6000_7.4.2\lib\</path>
         <kind>archive</kind>
         <file>rts6600_elf.lib</file>
         <name>_lock.obj</name>
      </input_file>
      <input_file id="fl-9b">
         <path>C:\ti\ccsv5\tools\compiler\c6000_7.4.2\lib\</path>
         <kind>archive</kind>
         <file>rts6600_elf.lib</file>
         <name>_printfi.obj</name>
      </input_file>
      <input_file id="fl-9c">
         <path>C:\ti\ccsv5\tools\compiler\c6000_7.4.2\lib\</path>
         <kind>archive</kind>
         <file>rts6600_elf.lib</file>
         <name>args_main.obj</name>
      </input_file>
      <input_file id="fl-9d">
         <path>C:\ti\ccsv5\tools\compiler\c6000_7.4.2\lib\</path>
         <kind>archive</kind>
         <file>rts6600_elf.lib</file>
         <name>atoi.obj</name>
      </input_file>
      <input_file id="fl-9e">
         <path>C:\ti\ccsv5\tools\compiler\c6000_7.4.2\lib\</path>
         <kind>archive</kind>
         <file>rts6600_elf.lib</file>
         <name>autoinit.obj</name>
      </input_file>
      <input_file id="fl-9f">
         <path>C:\ti\ccsv5\tools\compiler\c6000_7.4.2\lib\</path>
         <kind>archive</kind>
         <file>rts6600_elf.lib</file>
         <name>cpp_init.obj</name>
      </input_file>
      <input_file id="fl-a0">
         <path>C:\ti\ccsv5\tools\compiler\c6000_7.4.2\lib\</path>
         <kind>archive</kind>
         <file>rts6600_elf.lib</file>
         <name>cpy_tbl.obj</name>
      </input_file>
      <input_file id="fl-a1">
         <path>C:\ti\ccsv5\tools\compiler\c6000_7.4.2\lib\</path>
         <kind>archive</kind>
         <file>rts6600_elf.lib</file>
         <name>ctype.obj</name>
      </input_file>
      <input_file id="fl-a2">
         <path>C:\ti\ccsv5\tools\compiler\c6000_7.4.2\lib\</path>
         <kind>archive</kind>
         <file>rts6600_elf.lib</file>
         <name>defs.obj</name>
      </input_file>
      <input_file id="fl-a3">
         <path>C:\ti\ccsv5\tools\compiler\c6000_7.4.2\lib\</path>
         <kind>archive</kind>
         <file>rts6600_elf.lib</file>
         <name>divd.obj</name>
      </input_file>
      <input_file id="fl-a4">
         <path>C:\ti\ccsv5\tools\compiler\c6000_7.4.2\lib\</path>
         <kind>archive</kind>
         <file>rts6600_elf.lib</file>
         <name>fputc.obj</name>
      </input_file>
      <input_file id="fl-a5">
         <path>C:\ti\ccsv5\tools\compiler\c6000_7.4.2\lib\</path>
         <kind>archive</kind>
         <file>rts6600_elf.lib</file>
         <name>fputs.obj</name>
      </input_file>
      <input_file id="fl-a6">
         <path>C:\ti\ccsv5\tools\compiler\c6000_7.4.2\lib\</path>
         <kind>archive</kind>
         <file>rts6600_elf.lib</file>
         <name>frcmpyd_div.obj</name>
      </input_file>
      <input_file id="fl-a7">
         <path>C:\ti\ccsv5\tools\compiler\c6000_7.4.2\lib\</path>
         <kind>archive</kind>
         <file>rts6600_elf.lib</file>
         <name>imath40.obj</name>
      </input_file>
      <input_file id="fl-a8">
         <path>C:\ti\ccsv5\tools\compiler\c6000_7.4.2\lib\</path>
         <kind>archive</kind>
         <file>rts6600_elf.lib</file>
         <name>imath64.obj</name>
      </input_file>
      <input_file id="fl-a9">
         <path>C:\ti\ccsv5\tools\compiler\c6000_7.4.2\lib\</path>
         <kind>archive</kind>
         <file>rts6600_elf.lib</file>
         <name>isinf.obj</name>
      </input_file>
      <input_file id="fl-aa">
         <path>C:\ti\ccsv5\tools\compiler\c6000_7.4.2\lib\</path>
         <kind>archive</kind>
         <file>rts6600_elf.lib</file>
         <name>llshift.obj</name>
      </input_file>
      <input_file id="fl-ab">
         <path>C:\ti\ccsv5\tools\compiler\c6000_7.4.2\lib\</path>
         <kind>archive</kind>
         <file>rts6600_elf.lib</file>
         <name>lowlev.obj</name>
      </input_file>
      <input_file id="fl-ac">
         <path>C:\ti\ccsv5\tools\compiler\c6000_7.4.2\lib\</path>
         <kind>archive</kind>
         <file>rts6600_elf.lib</file>
         <name>ltoa.obj</name>
      </input_file>
      <input_file id="fl-ad">
         <path>C:\ti\ccsv5\tools\compiler\c6000_7.4.2\lib\</path>
         <kind>archive</kind>
         <file>rts6600_elf.lib</file>
         <name>memccpy.obj</name>
      </input_file>
      <input_file id="fl-ae">
         <path>C:\ti\ccsv5\tools\compiler\c6000_7.4.2\lib\</path>
         <kind>archive</kind>
         <file>rts6600_elf.lib</file>
         <name>negll.obj</name>
      </input_file>
      <input_file id="fl-af">
         <path>C:\ti\ccsv5\tools\compiler\c6000_7.4.2\lib\</path>
         <kind>archive</kind>
         <file>rts6600_elf.lib</file>
         <name>tls.obj</name>
      </input_file>
      <input_file id="fl-b0">
         <path>C:\ti\ccsv5\tools\compiler\c6000_7.4.2\lib\</path>
         <kind>archive</kind>
         <file>rts6600_elf.lib</file>
         <name>tls_get_tp.obj</name>
      </input_file>
      <input_file id="fl-b1">
         <path>C:\ti\ccsv5\tools\compiler\c6000_7.4.2\lib\</path>
         <kind>archive</kind>
         <file>rts6600_elf.lib</file>
         <name>trgdrv.obj</name>
      </input_file>
      <input_file id="fl-b2">
         <path>C:\ti\ccsv5\tools\compiler\c6000_7.4.2\lib\</path>
         <kind>archive</kind>
         <file>rts6600_elf.lib</file>
         <name>trgmsg.obj</name>
      </input_file>
      <input_file id="fl-b3">
         <path>C:\ti\ccsv5\tools\compiler\c6000_7.4.2\lib\</path>
         <kind>archive</kind>
         <file>rts6600_elf.lib</file>
         <name>_io_perm.obj</name>
      </input_file>
      <input_file id="fl-b4">
         <path>C:\ti\ccsv5\tools\compiler\c6000_7.4.2\lib\</path>
         <kind>archive</kind>
         <file>rts6600_elf.lib</file>
         <name>abs.obj</name>
      </input_file>
      <input_file id="fl-b5">
         <path>C:\ti\ccsv5\tools\compiler\c6000_7.4.2\lib\</path>
         <kind>archive</kind>
         <file>rts6600_elf.lib</file>
         <name>fflush.obj</name>
      </input_file>
      <input_file id="fl-b6">
         <path>C:\ti\ccsv5\tools\compiler\c6000_7.4.2\lib\</path>
         <kind>archive</kind>
         <file>rts6600_elf.lib</file>
         <name>fseek.obj</name>
      </input_file>
      <input_file id="fl-b7">
         <path>C:\ti\ccsv5\tools\compiler\c6000_7.4.2\lib\</path>
         <kind>archive</kind>
         <file>rts6600_elf.lib</file>
         <name>setvbuf.obj</name>
      </input_file>
      <input_file id="fl-b8">
         <path>C:\ti\ccsv5\tools\compiler\c6000_7.4.2\lib\</path>
         <kind>archive</kind>
         <file>rts6600_elf.lib</file>
         <name>fopen.obj</name>
      </input_file>
      <input_file id="fl-b9">
         <path>C:\ti\ccsv5\tools\compiler\c6000_7.4.2\lib\</path>
         <kind>archive</kind>
         <file>rts6600_elf.lib</file>
         <name>fclose.obj</name>
      </input_file>
      <input_file id="fl-ba">
         <path>C:\ti\ccsv5\tools\compiler\c6000_7.4.2\lib\</path>
         <kind>archive</kind>
         <file>rts6600_elf.lib</file>
         <name>remove.obj</name>
      </input_file>
   </input_file_list>
   <object_component_list>
      <object_component id="oc-a9">
         <name>.text</name>
         <load_address>0x10820080</load_address>
         <run_address>0x10820080</run_address>
         <size>0x20a0</size>
         <input_file_ref idref="fl-2"/>
      </object_component>
      <object_component id="oc-fd">
         <name>.text</name>
         <load_address>0x10822120</load_address>
         <run_address>0x10822120</run_address>
         <size>0x1b40</size>
         <input_file_ref idref="fl-a"/>
      </object_component>
      <object_component id="oc-121">
         <name>.text</name>
         <load_address>0x10823c60</load_address>
         <run_address>0x10823c60</run_address>
         <size>0x1240</size>
         <input_file_ref idref="fl-b"/>
      </object_component>
      <object_component id="oc-130">
         <name>.text</name>
         <load_address>0x10824ea0</load_address>
         <run_address>0x10824ea0</run_address>
         <size>0xe20</size>
         <input_file_ref idref="fl-6"/>
      </object_component>
      <object_component id="oc-b2">
         <name>.text</name>
         <load_address>0x10825cc0</load_address>
         <run_address>0x10825cc0</run_address>
         <size>0x8a0</size>
         <input_file_ref idref="fl-7"/>
      </object_component>
      <object_component id="oc-56d">
         <name>.text:__c6xabi_divd</name>
         <load_address>0x10826560</load_address>
         <run_address>0x10826560</run_address>
         <size>0x5c0</size>
         <input_file_ref idref="fl-a3"/>
      </object_component>
      <object_component id="oc-504">
         <name>.text:_getarg_diouxp</name>
         <load_address>0x10826b20</load_address>
         <run_address>0x10826b20</run_address>
         <size>0x5c0</size>
         <input_file_ref idref="fl-9b"/>
      </object_component>
      <object_component id="oc-24d">
         <name>.text</name>
         <load_address>0x108270e0</load_address>
         <run_address>0x108270e0</run_address>
         <size>0x5c0</size>
         <input_file_ref idref="fl-4"/>
      </object_component>
      <object_component id="oc-126">
         <name>.text</name>
         <load_address>0x108276a0</load_address>
         <run_address>0x108276a0</run_address>
         <size>0x580</size>
         <input_file_ref idref="fl-5"/>
      </object_component>
      <object_component id="oc-10f">
         <name>.text</name>
         <load_address>0x10827c20</load_address>
         <run_address>0x10827c20</run_address>
         <size>0x560</size>
         <input_file_ref idref="fl-9"/>
      </object_component>
      <object_component id="oc-10a">
         <name>.text</name>
         <load_address>0x10828180</load_address>
         <run_address>0x10828180</run_address>
         <size>0x4c0</size>
         <input_file_ref idref="fl-8"/>
      </object_component>
      <object_component id="oc-172">
         <name>.text:_printfi</name>
         <load_address>0x10828640</load_address>
         <run_address>0x10828640</run_address>
         <size>0x460</size>
         <input_file_ref idref="fl-9b"/>
      </object_component>
      <object_component id="oc-2e3">
         <name>.text:_setfield</name>
         <load_address>0x10828aa0</load_address>
         <run_address>0x10828aa0</run_address>
         <size>0x460</size>
         <input_file_ref idref="fl-9b"/>
      </object_component>
      <object_component id="oc-2d1">
         <name>.text:fputs</name>
         <load_address>0x10828f00</load_address>
         <run_address>0x10828f00</run_address>
         <size>0x3a0</size>
         <input_file_ref idref="fl-a5"/>
      </object_component>
      <object_component id="oc-5e">
         <name>.text</name>
         <load_address>0x108292a0</load_address>
         <run_address>0x108292a0</run_address>
         <size>0x340</size>
         <input_file_ref idref="fl-10"/>
      </object_component>
      <object_component id="oc-498">
         <name>.text:_pproc_fge</name>
         <load_address>0x108295e0</load_address>
         <run_address>0x108295e0</run_address>
         <size>0x320</size>
         <input_file_ref idref="fl-9b"/>
      </object_component>
      <object_component id="oc-114">
         <name>.text</name>
         <load_address>0x10829900</load_address>
         <run_address>0x10829900</run_address>
         <size>0x320</size>
         <input_file_ref idref="fl-3"/>
      </object_component>
      <object_component id="oc-2df">
         <name>.text:_pproc_fwp</name>
         <load_address>0x10829c20</load_address>
         <run_address>0x10829c20</run_address>
         <size>0x2e0</size>
         <input_file_ref idref="fl-9b"/>
      </object_component>
      <object_component id="oc-564">
         <name>.text:fcvt</name>
         <load_address>0x10829f00</load_address>
         <run_address>0x10829f00</run_address>
         <size>0x2a0</size>
         <input_file_ref idref="fl-9b"/>
      </object_component>
      <object_component id="oc-557">
         <name>.text:ecvt</name>
         <load_address>0x1082a1a0</load_address>
         <run_address>0x1082a1a0</run_address>
         <size>0x280</size>
         <input_file_ref idref="fl-9b"/>
      </object_component>
      <object_component id="oc-a1">
         <name>.text:free</name>
         <load_address>0x1082a420</load_address>
         <run_address>0x1082a420</run_address>
         <size>0x280</size>
         <input_file_ref idref="fl-93"/>
      </object_component>
      <object_component id="oc-5c7">
         <name>.text:__c6xabi_divull</name>
         <load_address>0x1082a6a0</load_address>
         <run_address>0x1082a6a0</run_address>
         <size>0x240</size>
         <input_file_ref idref="fl-a8"/>
      </object_component>
      <object_component id="oc-4ff">
         <name>.text:_pconv_e</name>
         <load_address>0x1082a8e0</load_address>
         <run_address>0x1082a8e0</run_address>
         <size>0x240</size>
         <input_file_ref idref="fl-9b"/>
      </object_component>
      <object_component id="oc-49c">
         <name>.text:_pproc_diouxp</name>
         <load_address>0x1082ab20</load_address>
         <run_address>0x1082ab20</run_address>
         <size>0x240</size>
         <input_file_ref idref="fl-9b"/>
      </object_component>
      <object_component id="oc-2e7">
         <name>.text:_pproc_str</name>
         <load_address>0x1082ad60</load_address>
         <run_address>0x1082ad60</run_address>
         <size>0x220</size>
         <input_file_ref idref="fl-9b"/>
      </object_component>
      <object_component id="oc-2d6">
         <name>.text:fputc</name>
         <load_address>0x1082af80</load_address>
         <run_address>0x1082af80</run_address>
         <size>0x220</size>
         <input_file_ref idref="fl-a4"/>
      </object_component>
      <object_component id="oc-4f7">
         <name>.text:_pconv_g</name>
         <load_address>0x1082b1a0</load_address>
         <run_address>0x1082b1a0</run_address>
         <size>0x200</size>
         <input_file_ref idref="fl-9b"/>
      </object_component>
      <object_component id="oc-4d6">
         <name>.text:setvbuf</name>
         <load_address>0x1082b3a0</load_address>
         <run_address>0x1082b3a0</run_address>
         <size>0x200</size>
         <input_file_ref idref="fl-b7"/>
      </object_component>
      <object_component id="oc-55f">
         <name>.text:_mcpy</name>
         <load_address>0x1082b5a0</load_address>
         <run_address>0x1082b5a0</run_address>
         <size>0x1c0</size>
         <input_file_ref idref="fl-9b"/>
      </object_component>
      <object_component id="oc-5a9">
         <name>.text:HOSTrename</name>
         <load_address>0x1082b760</load_address>
         <run_address>0x1082b760</run_address>
         <size>0x1a0</size>
         <input_file_ref idref="fl-b1"/>
      </object_component>
      <object_component id="oc-5c3">
         <name>.text:__c6xabi_divul</name>
         <load_address>0x1082b900</load_address>
         <run_address>0x1082b900</run_address>
         <size>0x1a0</size>
         <input_file_ref idref="fl-a7"/>
      </object_component>
      <object_component id="oc-40">
         <name>.text:__TI_decompress_rle_core</name>
         <load_address>0x1082baa0</load_address>
         <run_address>0x1082baa0</run_address>
         <size>0x180</size>
         <input_file_ref idref="fl-8d"/>
      </object_component>
      <object_component id="oc-9d">
         <name>.text:malloc</name>
         <load_address>0x1082bc20</load_address>
         <run_address>0x1082bc20</run_address>
         <size>0x180</size>
         <input_file_ref idref="fl-93"/>
      </object_component>
      <object_component id="oc-2db">
         <name>.text:_pproc_fflags</name>
         <load_address>0x1082bda0</load_address>
         <run_address>0x1082bda0</run_address>
         <size>0x140</size>
         <input_file_ref idref="fl-9b"/>
      </object_component>
      <object_component id="oc-605">
         <name>.text:getdevice</name>
         <load_address>0x1082bee0</load_address>
         <run_address>0x1082bee0</run_address>
         <size>0x140</size>
         <input_file_ref idref="fl-ab"/>
      </object_component>
      <object_component id="oc-58a">
         <name>.text:_closefile</name>
         <load_address>0x1082c020</load_address>
         <run_address>0x1082c020</run_address>
         <size>0x120</size>
         <input_file_ref idref="fl-b9"/>
      </object_component>
      <object_component id="oc-50c">
         <name>.text:_ltostr</name>
         <load_address>0x1082c140</load_address>
         <run_address>0x1082c140</run_address>
         <size>0x120</size>
         <input_file_ref idref="fl-9b"/>
      </object_component>
      <object_component id="oc-4d2">
         <name>.text:fseek</name>
         <load_address>0x1082c260</load_address>
         <run_address>0x1082c260</run_address>
         <size>0x120</size>
         <input_file_ref idref="fl-b6"/>
      </object_component>
      <object_component id="oc-5a1">
         <name>.text:HOSTlseek</name>
         <load_address>0x1082c380</load_address>
         <run_address>0x1082c380</run_address>
         <size>0x100</size>
         <input_file_ref idref="fl-b1"/>
      </object_component>
      <object_component id="oc-23">
         <name>.text:_auto_init_elf</name>
         <load_address>0x1082c480</load_address>
         <run_address>0x1082c480</run_address>
         <size>0x100</size>
         <input_file_ref idref="fl-9e"/>
      </object_component>
      <object_component id="oc-482">
         <name>.text:_wrt_ok</name>
         <load_address>0x1082c580</load_address>
         <run_address>0x1082c580</run_address>
         <size>0x100</size>
         <input_file_ref idref="fl-b3"/>
      </object_component>
      <object_component id="oc-51">
         <name>.text:copy_in</name>
         <load_address>0x1082c680</load_address>
         <run_address>0x1082c680</run_address>
         <size>0x100</size>
         <input_file_ref idref="fl-a0"/>
      </object_component>
      <object_component id="oc-591">
         <name>.text:HOSTopen</name>
         <load_address>0x1082c780</load_address>
         <run_address>0x1082c780</run_address>
         <size>0xe0</size>
         <input_file_ref idref="fl-b1"/>
      </object_component>
      <object_component id="oc-235">
         <name>.text:__divi</name>
         <load_address>0x1082c860</load_address>
         <run_address>0x1082c860</run_address>
         <size>0xe0</size>
         <input_file_ref idref="fl-8f"/>
      </object_component>
      <object_component id="oc-57e">
         <name>.text:_div</name>
         <load_address>0x1082c940</load_address>
         <run_address>0x1082c940</run_address>
         <size>0xe0</size>
         <input_file_ref idref="fl-9b"/>
      </object_component>
      <object_component id="oc-493">
         <name>.text:atoi</name>
         <load_address>0x1082ca20</load_address>
         <run_address>0x1082ca20</run_address>
         <size>0xe0</size>
         <input_file_ref idref="fl-9d"/>
      </object_component>
      <object_component id="oc-5ce">
         <name>.text:close</name>
         <load_address>0x1082cb00</load_address>
         <run_address>0x1082cb00</run_address>
         <size>0xe0</size>
         <input_file_ref idref="fl-ab"/>
      </object_component>
      <object_component id="oc-17">
         <name>.text:decompress:ZI:__TI_zero_init</name>
         <load_address>0x1082cbe0</load_address>
         <run_address>0x1082cbe0</run_address>
         <size>0xe0</size>
         <input_file_ref idref="fl-8e"/>
      </object_component>
      <object_component id="oc-5b1">
         <name>.text:ltoa</name>
         <load_address>0x1082ccc0</load_address>
         <run_address>0x1082ccc0</run_address>
         <size>0xe0</size>
         <input_file_ref idref="fl-ac"/>
      </object_component>
      <object_component id="oc-a5">
         <name>.text:memset</name>
         <load_address>0x1082cda0</load_address>
         <run_address>0x1082cda0</run_address>
         <size>0xe0</size>
         <input_file_ref idref="fl-94"/>
      </object_component>
      <object_component id="oc-ae">
         <name>.text:printf</name>
         <load_address>0x1082ce80</load_address>
         <run_address>0x1082ce80</run_address>
         <size>0xe0</size>
         <input_file_ref idref="fl-95"/>
      </object_component>
      <object_component id="oc-599">
         <name>.text:HOSTread</name>
         <load_address>0x1082cf60</load_address>
         <run_address>0x1082cf60</run_address>
         <size>0xc0</size>
         <input_file_ref idref="fl-b1"/>
      </object_component>
      <object_component id="oc-5a5">
         <name>.text:HOSTunlink</name>
         <load_address>0x1082d020</load_address>
         <run_address>0x1082d020</run_address>
         <size>0xc0</size>
         <input_file_ref idref="fl-b1"/>
      </object_component>
      <object_component id="oc-59d">
         <name>.text:HOSTwrite</name>
         <load_address>0x1082d0e0</load_address>
         <run_address>0x1082d0e0</run_address>
         <size>0xc0</size>
         <input_file_ref idref="fl-b1"/>
      </object_component>
      <object_component id="oc-102">
         <name>.text:__divu</name>
         <load_address>0x1082d1a0</load_address>
         <run_address>0x1082d1a0</run_address>
         <size>0xc0</size>
         <input_file_ref idref="fl-90"/>
      </object_component>
      <object_component id="oc-486">
         <name>.text:_doflush</name>
         <load_address>0x1082d260</load_address>
         <run_address>0x1082d260</run_address>
         <size>0xc0</size>
         <input_file_ref idref="fl-b5"/>
      </object_component>
      <object_component id="oc-2b">
         <name>.text:exit</name>
         <load_address>0x1082d320</load_address>
         <run_address>0x1082d320</run_address>
         <size>0xc0</size>
         <input_file_ref idref="fl-91"/>
      </object_component>
      <object_component id="oc-b7">
         <name>.text</name>
         <load_address>0x1082d3e0</load_address>
         <run_address>0x1082d3e0</run_address>
         <size>0xc0</size>
         <input_file_ref idref="fl-f"/>
      </object_component>
      <object_component id="oc-55">
         <name>.text:tls:init:__TI_tls_init</name>
         <load_address>0x1082d4a0</load_address>
         <run_address>0x1082d4a0</run_address>
         <size>0xc0</size>
         <input_file_ref idref="fl-af"/>
      </object_component>
      <object_component id="oc-595">
         <name>.text:HOSTclose</name>
         <load_address>0x1082d560</load_address>
         <run_address>0x1082d560</run_address>
         <size>0xa0</size>
         <input_file_ref idref="fl-b1"/>
      </object_component>
      <object_component id="oc-135">
         <name>.text:__remu</name>
         <load_address>0x1082d600</load_address>
         <run_address>0x1082d600</run_address>
         <size>0xa0</size>
         <input_file_ref idref="fl-96"/>
      </object_component>
      <object_component id="oc-536">
         <name>.text:_cleanup</name>
         <load_address>0x1082d6a0</load_address>
         <run_address>0x1082d6a0</run_address>
         <size>0xa0</size>
         <input_file_ref idref="fl-b8"/>
      </object_component>
      <object_component id="oc-55b">
         <name>.text:_ecpy</name>
         <load_address>0x1082d740</load_address>
         <run_address>0x1082d740</run_address>
         <size>0xa0</size>
         <input_file_ref idref="fl-9b"/>
      </object_component>
      <object_component id="oc-568">
         <name>.text:_fcpy</name>
         <load_address>0x1082d7e0</load_address>
         <run_address>0x1082d7e0</run_address>
         <size>0xa0</size>
         <input_file_ref idref="fl-9b"/>
      </object_component>
      <object_component id="oc-ed">
         <name>.text:_minit</name>
         <load_address>0x1082d880</load_address>
         <run_address>0x1082d880</run_address>
         <size>0xa0</size>
         <input_file_ref idref="fl-93"/>
      </object_component>
      <object_component id="oc-4fb">
         <name>.text:_pconv_f</name>
         <load_address>0x1082d920</load_address>
         <run_address>0x1082d920</run_address>
         <size>0xa0</size>
         <input_file_ref idref="fl-9b"/>
      </object_component>
      <object_component id="oc-61c">
         <name>.text:finddevice</name>
         <load_address>0x1082d9c0</load_address>
         <run_address>0x1082d9c0</run_address>
         <size>0xa0</size>
         <input_file_ref idref="fl-ab"/>
      </object_component>
      <object_component id="oc-530">
         <name>.text:lseek</name>
         <load_address>0x1082da60</load_address>
         <run_address>0x1082da60</run_address>
         <size>0xa0</size>
         <input_file_ref idref="fl-ab"/>
      </object_component>
      <object_component id="oc-30">
         <name>.text:memcpy</name>
         <load_address>0x1082db00</load_address>
         <run_address>0x1082db00</run_address>
         <size>0xa0</size>
         <input_file_ref idref="fl-92"/>
      </object_component>
      <object_component id="oc-f5">
         <name>.text:minsert</name>
         <load_address>0x1082dba0</load_address>
         <run_address>0x1082dba0</run_address>
         <size>0xa0</size>
         <input_file_ref idref="fl-93"/>
      </object_component>
      <object_component id="oc-f1">
         <name>.text:mremove</name>
         <load_address>0x1082dc40</load_address>
         <run_address>0x1082dc40</run_address>
         <size>0xa0</size>
         <input_file_ref idref="fl-93"/>
      </object_component>
      <object_component id="oc-48a">
         <name>.text:write</name>
         <load_address>0x1082dce0</load_address>
         <run_address>0x1082dce0</run_address>
         <size>0xa0</size>
         <input_file_ref idref="fl-ab"/>
      </object_component>
      <object_component id="oc-5fb">
         <name>.text:__c6xabi_llshl</name>
         <load_address>0x1082dd80</load_address>
         <run_address>0x1082dd80</run_address>
         <size>0x80</size>
         <input_file_ref idref="fl-aa"/>
      </object_component>
      <object_component id="oc-12b">
         <name>.text</name>
         <load_address>0x1082de00</load_address>
         <run_address>0x1082de00</run_address>
         <size>0x80</size>
         <input_file_ref idref="fl-c"/>
      </object_component>
      <object_component id="oc-5e0">
         <name>.text:readmsg</name>
         <load_address>0x1082de80</load_address>
         <run_address>0x1082de80</run_address>
         <size>0x80</size>
         <input_file_ref idref="fl-b2"/>
      </object_component>
      <object_component id="oc-106">
         <name>.text:strncpy</name>
         <load_address>0x1082df00</load_address>
         <run_address>0x1082df00</run_address>
         <size>0x80</size>
         <input_file_ref idref="fl-98"/>
      </object_component>
      <object_component id="oc-5d2">
         <name>.text:unlink</name>
         <load_address>0x1082df80</load_address>
         <run_address>0x1082df80</run_address>
         <size>0x80</size>
         <input_file_ref idref="fl-ab"/>
      </object_component>
      <object_component id="oc-59">
         <name>.text:__TI_cpp_init</name>
         <load_address>0x1082e000</load_address>
         <run_address>0x1082e000</run_address>
         <size>0x60</size>
         <input_file_ref idref="fl-9f"/>
      </object_component>
      <object_component id="oc-5be">
         <name>.text:__c6xabi_frcmpyd_div</name>
         <load_address>0x1082e060</load_address>
         <run_address>0x1082e060</run_address>
         <size>0x60</size>
         <input_file_ref idref="fl-a6"/>
      </object_component>
      <object_component id="oc-5ba">
         <name>.text:__c6xabi_llshru</name>
         <load_address>0x1082e0c0</load_address>
         <run_address>0x1082e0c0</run_address>
         <size>0x60</size>
         <input_file_ref idref="fl-aa"/>
      </object_component>
      <object_component id="oc-5ff">
         <name>.text:_subcull</name>
         <load_address>0x1082e120</load_address>
         <run_address>0x1082e120</run_address>
         <size>0x60</size>
         <input_file_ref idref="fl-a8"/>
      </object_component>
      <object_component id="oc-4a0">
         <name>.text:memccpy</name>
         <load_address>0x1082e180</load_address>
         <run_address>0x1082e180</run_address>
         <size>0x60</size>
         <input_file_ref idref="fl-ad"/>
      </object_component>
      <object_component id="oc-11d">
         <name>.text:vsprintf</name>
         <load_address>0x1082e1e0</load_address>
         <run_address>0x1082e1e0</run_address>
         <size>0x60</size>
         <input_file_ref idref="fl-99"/>
      </object_component>
      <object_component id="oc-5dc">
         <name>.text:writemsg</name>
         <load_address>0x1082e240</load_address>
         <run_address>0x1082e240</run_address>
         <size>0x60</size>
         <input_file_ref idref="fl-b2"/>
      </object_component>
      <object_component id="oc-bc">
         <name>.text</name>
         <load_address>0x1082e2a0</load_address>
         <run_address>0x1082e2a0</run_address>
         <size>0x60</size>
         <input_file_ref idref="fl-e"/>
      </object_component>
      <object_component id="oc-4f3">
         <name>.text:__c6xabi_isinf</name>
         <load_address>0x1082e300</load_address>
         <run_address>0x1082e300</run_address>
         <size>0x40</size>
         <input_file_ref idref="fl-a9"/>
      </object_component>
      <object_component id="oc-4ef">
         <name>.text:__c6xabi_isnan</name>
         <load_address>0x1082e340</load_address>
         <run_address>0x1082e340</run_address>
         <size>0x40</size>
         <input_file_ref idref="fl-9b"/>
      </object_component>
      <object_component id="oc-27">
         <name>.text:_args_main</name>
         <load_address>0x1082e380</load_address>
         <run_address>0x1082e380</run_address>
         <size>0x40</size>
         <input_file_ref idref="fl-9c"/>
      </object_component>
      <object_component id="oc-26c">
         <name>.text:_outs</name>
         <load_address>0x1082e3c0</load_address>
         <run_address>0x1082e3c0</run_address>
         <size>0x40</size>
         <input_file_ref idref="fl-99"/>
      </object_component>
      <object_component id="oc-178">
         <name>.text</name>
         <load_address>0x1082e400</load_address>
         <run_address>0x1082e400</run_address>
         <size>0x40</size>
         <input_file_ref idref="fl-d"/>
      </object_component>
      <object_component id="oc-119">
         <name>.text:strlen</name>
         <load_address>0x1082e440</load_address>
         <run_address>0x1082e440</run_address>
         <size>0x40</size>
         <input_file_ref idref="fl-97"/>
      </object_component>
      <object_component id="oc-508">
         <name>.text:__c6xabi_negll</name>
         <load_address>0x1082e480</load_address>
         <run_address>0x1082e480</run_address>
         <size>0x20</size>
         <input_file_ref idref="fl-ae"/>
      </object_component>
      <object_component id="oc-227">
         <name>.text:_nop</name>
         <load_address>0x1082e4a0</load_address>
         <run_address>0x1082e4a0</run_address>
         <size>0x20</size>
         <input_file_ref idref="fl-9a"/>
      </object_component>
      <object_component id="oc-16e">
         <name>.text:_outc</name>
         <load_address>0x1082e4c0</load_address>
         <run_address>0x1082e4c0</run_address>
         <size>0x20</size>
         <input_file_ref idref="fl-95"/>
      </object_component>
      <object_component id="oc-268">
         <name>.text:_outc</name>
         <load_address>0x1082e4e0</load_address>
         <run_address>0x1082e4e0</run_address>
         <size>0x20</size>
         <input_file_ref idref="fl-99"/>
      </object_component>
      <object_component id="oc-16a">
         <name>.text:_outs</name>
         <load_address>0x1082e500</load_address>
         <run_address>0x1082e500</run_address>
         <size>0x20</size>
         <input_file_ref idref="fl-95"/>
      </object_component>
      <object_component id="oc-6b">
         <name>.text:abort</name>
         <load_address>0x1082e520</load_address>
         <run_address>0x1082e520</run_address>
         <size>0x20</size>
         <input_file_ref idref="fl-91"/>
      </object_component>
      <object_component id="oc-13">
         <name>.text:decompress:none:__TI_decompress_none</name>
         <load_address>0x1082e540</load_address>
         <run_address>0x1082e540</run_address>
         <size>0x20</size>
         <input_file_ref idref="fl-8c"/>
      </object_component>
      <object_component id="oc-1b">
         <name>.text:decompress:rle24:__TI_decompress_rle24</name>
         <load_address>0x1082e560</load_address>
         <run_address>0x1082e560</run_address>
         <size>0x20</size>
         <input_file_ref idref="fl-8d"/>
      </object_component>
      <object_component id="oc-646">
         <name>.cinit..fardata.load</name>
         <load_address>0x10831124</load_address>
         <run_address>0x10831124</run_address>
         <size>0x105</size>
      </object_component>
      <object_component id="oc-643">
         <name>__TI_handler_table</name>
         <load_address>0x1083122c</load_address>
         <run_address>0x1083122c</run_address>
         <size>0xc</size>
      </object_component>
      <object_component id="oc-645">
         <name>.cinit..far.load</name>
         <load_address>0x10831238</load_address>
         <run_address>0x10831238</run_address>
         <size>0x8</size>
      </object_component>
      <object_component id="oc-644">
         <name>__TI_cinit_table</name>
         <load_address>0x10831240</load_address>
         <run_address>0x10831240</run_address>
         <size>0x10</size>
      </object_component>
      <object_component id="oc-610">
         <name>.cio</name>
         <uninitialized>true</uninitialized>
         <run_address>0x10830fe4</run_address>
         <size>0x120</size>
         <input_file_ref idref="fl-b2"/>
      </object_component>
      <object_component id="oc-4eb">
         <name>.const:.string:_ctypes_</name>
         <load_address>0x10830da0</load_address>
         <run_address>0x10830da0</run_address>
         <size>0x101</size>
         <input_file_ref idref="fl-a1"/>
      </object_component>
      <object_component id="oc-189">
         <name>.const:.string</name>
         <load_address>0x10830ea4</load_address>
         <run_address>0x10830ea4</run_address>
         <size>0x70</size>
         <input_file_ref idref="fl-f"/>
      </object_component>
      <object_component id="oc-13d">
         <name>.const:.string</name>
         <load_address>0x10830f14</load_address>
         <run_address>0x10830f14</run_address>
         <size>0x58</size>
         <input_file_ref idref="fl-2"/>
      </object_component>
      <object_component id="oc-4a4">
         <name>.const:.string</name>
         <load_address>0x10830f6c</load_address>
         <run_address>0x10830f6c</run_address>
         <size>0x23</size>
         <input_file_ref idref="fl-9b"/>
      </object_component>
      <object_component id="oc-27d">
         <name>.const:.string</name>
         <load_address>0x10830f90</load_address>
         <run_address>0x10830f90</run_address>
         <size>0x1c</size>
         <input_file_ref idref="fl-b"/>
      </object_component>
      <object_component id="oc-c1">
         <name>.const:.string</name>
         <load_address>0x10830fac</load_address>
         <run_address>0x10830fac</run_address>
         <size>0x18</size>
         <input_file_ref idref="fl-10"/>
      </object_component>
      <object_component id="oc-277">
         <name>.const:.string:$P$T0$1</name>
         <load_address>0x10830fc8</load_address>
         <run_address>0x10830fc8</run_address>
         <size>0xa</size>
         <input_file_ref idref="fl-b"/>
      </object_component>
      <object_component id="oc-27b">
         <name>.const:.string:$P$T1$2</name>
         <load_address>0x10830fd8</load_address>
         <run_address>0x10830fd8</run_address>
         <size>0xa</size>
         <input_file_ref idref="fl-b"/>
      </object_component>
      <object_component id="oc-140">
         <name>.switch:platform_internal_memory_test</name>
         <load_address>0x10831104</load_address>
         <run_address>0x10831104</run_address>
         <size>0x20</size>
         <input_file_ref idref="fl-2"/>
      </object_component>
      <object_component id="oc-141">
         <name>.far</name>
         <uninitialized>true</uninitialized>
         <run_address>0x1082e580</run_address>
         <size>0x1058</size>
         <input_file_ref idref="fl-2"/>
      </object_component>
      <object_component id="oc-279">
         <name>.far</name>
         <uninitialized>true</uninitialized>
         <run_address>0x1082f5d8</run_address>
         <size>0x210</size>
         <input_file_ref idref="fl-b"/>
      </object_component>
      <object_component id="oc-283">
         <name>.far</name>
         <uninitialized>true</uninitialized>
         <run_address>0x1082f928</run_address>
         <size>0x44</size>
         <input_file_ref idref="fl-6"/>
      </object_component>
      <object_component id="oc-37e">
         <name>.far</name>
         <uninitialized>true</uninitialized>
         <run_address>0x1082f96c</run_address>
         <size>0x4</size>
         <input_file_ref idref="fl-4"/>
      </object_component>
      <object_component id="oc-5d6">
         <name>.far</name>
         <uninitialized>true</uninitialized>
         <run_address>0x1082f7e8</run_address>
         <size>0x140</size>
         <input_file_ref idref="fl-a2"/>
      </object_component>
      <object_component id="oc-5da">
         <name>.far</name>
         <uninitialized>true</uninitialized>
         <run_address>0x1082f970</run_address>
         <size>0x8</size>
         <input_file_ref idref="fl-b1"/>
      </object_component>
      <object_component id="oc-69">
         <name>.fardata</name>
         <load_address>0x10830d78</load_address>
         <run_address>0x10830d78</run_address>
         <size>0xc</size>
         <input_file_ref idref="fl-91"/>
      </object_component>
      <object_component id="oc-e9">
         <name>.fardata</name>
         <load_address>0x10830d98</load_address>
         <run_address>0x10830d98</run_address>
         <size>0x8</size>
         <input_file_ref idref="fl-9a"/>
      </object_component>
      <object_component id="oc-eb">
         <name>.fardata</name>
         <load_address>0x10830d84</load_address>
         <run_address>0x10830d84</run_address>
         <size>0xc</size>
         <input_file_ref idref="fl-93"/>
      </object_component>
      <object_component id="oc-139">
         <name>.fardata</name>
         <load_address>0x10830b58</load_address>
         <run_address>0x10830b58</run_address>
         <size>0xf4</size>
         <input_file_ref idref="fl-2"/>
      </object_component>
      <object_component id="oc-13b">
         <name>.fardata:platform_library_version</name>
         <load_address>0x10830d68</load_address>
         <run_address>0x10830d68</run_address>
         <size>0x10</size>
         <input_file_ref idref="fl-2"/>
      </object_component>
      <object_component id="oc-13e">
         <name>.fardata:emac_port_mode</name>
         <load_address>0x10830d90</load_address>
         <run_address>0x10830d90</run_address>
         <size>0x8</size>
         <input_file_ref idref="fl-2"/>
      </object_component>
      <object_component id="oc-168">
         <name>.fardata:_ftable</name>
         <load_address>0x10830978</load_address>
         <run_address>0x10830978</run_address>
         <size>0x1e0</size>
         <input_file_ref idref="fl-a2"/>
      </object_component>
      <object_component id="oc-4de">
         <name>.fardata:_stream</name>
         <load_address>0x10830c50</load_address>
         <run_address>0x10830c50</run_address>
         <size>0xa0</size>
         <input_file_ref idref="fl-ab"/>
      </object_component>
      <object_component id="oc-540">
         <name>.fardata:_device</name>
         <load_address>0x10830cf0</load_address>
         <run_address>0x10830cf0</run_address>
         <size>0x78</size>
         <input_file_ref idref="fl-ab"/>
      </object_component>
      <object_component id="oc-588">
         <name>.fardata</name>
         <load_address>0x10830c4c</load_address>
         <run_address>0x10830c4c</run_address>
         <size>0x4</size>
         <input_file_ref idref="fl-a2"/>
      </object_component>
      <object_component id="oc-21">
         <name>.sysmem</name>
         <uninitialized>true</uninitialized>
         <run_address>0x10800080</run_address>
         <size>0x8</size>
         <input_file_ref idref="fl-93"/>
      </object_component>
      <object_component id="oc-648">
         <name>.sysmem</name>
         <uninitialized>true</uninitialized>
         <run_address>0x10800080</run_address>
         <size>0x0</size>
      </object_component>
      <object_component id="oc-1f">
         <name>.stack</name>
         <uninitialized>true</uninitialized>
         <run_address>0x1082f978</run_address>
         <size>0x8</size>
         <input_file_ref idref="fl-8b"/>
      </object_component>
      <object_component id="oc-647">
         <name>.stack</name>
         <uninitialized>true</uninitialized>
         <run_address>0x1082f978</run_address>
         <size>0x0</size>
      </object_component>
      <object_component id="oc-f">
         <name>.text:_c_int00</name>
         <load_address>0x10800000</load_address>
         <run_address>0x10800000</run_address>
         <size>0x80</size>
         <input_file_ref idref="fl-8b"/>
      </object_component>
      <object_component id="oc-10">
         <name>.debug_info</name>
         <load_address>0x0</load_address>
         <run_address>0x0</run_address>
         <size>0x110</size>
         <input_file_ref idref="fl-8b"/>
      </object_component>
      <object_component id="oc-14">
         <name>.debug_info</name>
         <load_address>0x110</load_address>
         <run_address>0x110</run_address>
         <size>0x14f</size>
         <input_file_ref idref="fl-8c"/>
      </object_component>
      <object_component id="oc-18">
         <name>.debug_info</name>
         <load_address>0x25f</load_address>
         <run_address>0x25f</run_address>
         <size>0x190</size>
         <input_file_ref idref="fl-8e"/>
      </object_component>
      <object_component id="oc-1c">
         <name>.debug_info</name>
         <load_address>0x3ef</load_address>
         <run_address>0x3ef</run_address>
         <size>0x16c</size>
         <input_file_ref idref="fl-8d"/>
      </object_component>
      <object_component id="oc-20">
         <name>.debug_info</name>
         <load_address>0x55b</load_address>
         <run_address>0x55b</run_address>
         <size>0xa7</size>
         <input_file_ref idref="fl-8b"/>
      </object_component>
      <object_component id="oc-22">
         <name>.debug_info</name>
         <load_address>0x602</load_address>
         <run_address>0x602</run_address>
         <size>0xb3</size>
         <input_file_ref idref="fl-93"/>
      </object_component>
      <object_component id="oc-24">
         <name>.debug_info</name>
         <load_address>0x6b5</load_address>
         <run_address>0x6b5</run_address>
         <size>0x190</size>
         <input_file_ref idref="fl-9e"/>
      </object_component>
      <object_component id="oc-28">
         <name>.debug_info</name>
         <load_address>0x845</load_address>
         <run_address>0x845</run_address>
         <size>0xf6</size>
         <input_file_ref idref="fl-9c"/>
      </object_component>
      <object_component id="oc-2c">
         <name>.debug_info</name>
         <load_address>0x93b</load_address>
         <run_address>0x93b</run_address>
         <size>0x10c</size>
         <input_file_ref idref="fl-91"/>
      </object_component>
      <object_component id="oc-31">
         <name>.debug_info</name>
         <load_address>0xa47</load_address>
         <run_address>0xa47</run_address>
         <size>0xd6</size>
         <input_file_ref idref="fl-92"/>
      </object_component>
      <object_component id="oc-35">
         <name>.debug_info</name>
         <load_address>0xb1d</load_address>
         <run_address>0xb1d</run_address>
         <size>0x53</size>
         <input_file_ref idref="fl-8c"/>
      </object_component>
      <object_component id="oc-3b">
         <name>.debug_info</name>
         <load_address>0xb70</load_address>
         <run_address>0xb70</run_address>
         <size>0x53</size>
         <input_file_ref idref="fl-8e"/>
      </object_component>
      <object_component id="oc-41">
         <name>.debug_info</name>
         <load_address>0xbc3</load_address>
         <run_address>0xbc3</run_address>
         <size>0x2f2</size>
         <input_file_ref idref="fl-8d"/>
      </object_component>
      <object_component id="oc-45">
         <name>.debug_info</name>
         <load_address>0xeb5</load_address>
         <run_address>0xeb5</run_address>
         <size>0x1d7</size>
         <input_file_ref idref="fl-8d"/>
      </object_component>
      <object_component id="oc-46">
         <name>.debug_info</name>
         <load_address>0x108c</load_address>
         <run_address>0x108c</run_address>
         <size>0x46</size>
         <input_file_ref idref="fl-8d"/>
      </object_component>
      <object_component id="oc-4d">
         <name>.debug_info</name>
         <load_address>0x10d2</load_address>
         <run_address>0x10d2</run_address>
         <size>0x10a</size>
         <input_file_ref idref="fl-8b"/>
      </object_component>
      <object_component id="oc-50">
         <name>.debug_info</name>
         <load_address>0x11dc</load_address>
         <run_address>0x11dc</run_address>
         <size>0x147</size>
         <input_file_ref idref="fl-93"/>
      </object_component>
      <object_component id="oc-52">
         <name>.debug_info</name>
         <load_address>0x1323</load_address>
         <run_address>0x1323</run_address>
         <size>0x18e</size>
         <input_file_ref idref="fl-a0"/>
      </object_component>
      <object_component id="oc-56">
         <name>.debug_info</name>
         <load_address>0x14b1</load_address>
         <run_address>0x14b1</run_address>
         <size>0x164</size>
         <input_file_ref idref="fl-af"/>
      </object_component>
      <object_component id="oc-5a">
         <name>.debug_info</name>
         <load_address>0x1615</load_address>
         <run_address>0x1615</run_address>
         <size>0x15f</size>
         <input_file_ref idref="fl-9f"/>
      </object_component>
      <object_component id="oc-5f">
         <name>.debug_info</name>
         <load_address>0x1774</load_address>
         <run_address>0x1774</run_address>
         <size>0xd1c</size>
         <input_file_ref idref="fl-10"/>
      </object_component>
      <object_component id="oc-64">
         <name>.debug_info</name>
         <load_address>0x2490</load_address>
         <run_address>0x2490</run_address>
         <size>0x94</size>
         <input_file_ref idref="fl-8b"/>
      </object_component>
      <object_component id="oc-6a">
         <name>.debug_info</name>
         <load_address>0x2524</load_address>
         <run_address>0x2524</run_address>
         <size>0x127</size>
         <input_file_ref idref="fl-91"/>
      </object_component>
      <object_component id="oc-6c">
         <name>.debug_info</name>
         <load_address>0x264b</load_address>
         <run_address>0x264b</run_address>
         <size>0x11e</size>
         <input_file_ref idref="fl-91"/>
      </object_component>
      <object_component id="oc-70">
         <name>.debug_info</name>
         <load_address>0x2769</load_address>
         <run_address>0x2769</run_address>
         <size>0x8d</size>
         <input_file_ref idref="fl-8c"/>
      </object_component>
      <object_component id="oc-76">
         <name>.debug_info</name>
         <load_address>0x27f6</load_address>
         <run_address>0x27f6</run_address>
         <size>0x46</size>
         <input_file_ref idref="fl-8c"/>
      </object_component>
      <object_component id="oc-7b">
         <name>.debug_info</name>
         <load_address>0x283c</load_address>
         <run_address>0x283c</run_address>
         <size>0xe5</size>
         <input_file_ref idref="fl-8c"/>
      </object_component>
      <object_component id="oc-7c">
         <name>.debug_info</name>
         <load_address>0x2921</load_address>
         <run_address>0x2921</run_address>
         <size>0x2c</size>
         <input_file_ref idref="fl-8d"/>
      </object_component>
      <object_component id="oc-81">
         <name>.debug_info</name>
         <load_address>0x294d</load_address>
         <run_address>0x294d</run_address>
         <size>0x1cd</size>
         <input_file_ref idref="fl-8e"/>
      </object_component>
      <object_component id="oc-87">
         <name>.debug_info</name>
         <load_address>0x2b1a</load_address>
         <run_address>0x2b1a</run_address>
         <size>0x1d9</size>
         <input_file_ref idref="fl-8b"/>
      </object_component>
      <object_component id="oc-8e">
         <name>.debug_info</name>
         <load_address>0x2cf3</load_address>
         <run_address>0x2cf3</run_address>
         <size>0xf6</size>
         <input_file_ref idref="fl-91"/>
      </object_component>
      <object_component id="oc-93">
         <name>.debug_info</name>
         <load_address>0x2de9</load_address>
         <run_address>0x2de9</run_address>
         <size>0x70</size>
         <input_file_ref idref="fl-93"/>
      </object_component>
      <object_component id="oc-99">
         <name>.debug_info</name>
         <load_address>0x2e59</load_address>
         <run_address>0x2e59</run_address>
         <size>0x140</size>
         <input_file_ref idref="fl-a0"/>
      </object_component>
      <object_component id="oc-9b">
         <name>.debug_info</name>
         <load_address>0x2f99</load_address>
         <run_address>0x2f99</run_address>
         <size>0x253</size>
         <input_file_ref idref="fl-af"/>
      </object_component>
      <object_component id="oc-9e">
         <name>.debug_info</name>
         <load_address>0x31ec</load_address>
         <run_address>0x31ec</run_address>
         <size>0x196</size>
         <input_file_ref idref="fl-93"/>
      </object_component>
      <object_component id="oc-a2">
         <name>.debug_info</name>
         <load_address>0x3382</load_address>
         <run_address>0x3382</run_address>
         <size>0x1f9</size>
         <input_file_ref idref="fl-93"/>
      </object_component>
      <object_component id="oc-a6">
         <name>.debug_info</name>
         <load_address>0x357b</load_address>
         <run_address>0x357b</run_address>
         <size>0x163</size>
         <input_file_ref idref="fl-94"/>
      </object_component>
      <object_component id="oc-aa">
         <name>.debug_info</name>
         <load_address>0x36de</load_address>
         <run_address>0x36de</run_address>
         <size>0x45bb</size>
         <input_file_ref idref="fl-2"/>
      </object_component>
      <object_component id="oc-af">
         <name>.debug_info</name>
         <load_address>0x7c99</load_address>
         <run_address>0x7c99</run_address>
         <size>0x127</size>
         <input_file_ref idref="fl-95"/>
      </object_component>
      <object_component id="oc-b3">
         <name>.debug_info</name>
         <load_address>0x7dc0</load_address>
         <run_address>0x7dc0</run_address>
         <size>0x2199</size>
         <input_file_ref idref="fl-7"/>
      </object_component>
      <object_component id="oc-b8">
         <name>.debug_info</name>
         <load_address>0x9f59</load_address>
         <run_address>0x9f59</run_address>
         <size>0x1ea</size>
         <input_file_ref idref="fl-f"/>
      </object_component>
      <object_component id="oc-bd">
         <name>.debug_info</name>
         <load_address>0xa143</load_address>
         <run_address>0xa143</run_address>
         <size>0xf5</size>
         <input_file_ref idref="fl-e"/>
      </object_component>
      <object_component id="oc-c3">
         <name>.debug_info</name>
         <load_address>0xa238</load_address>
         <run_address>0xa238</run_address>
         <size>0x94</size>
         <input_file_ref idref="fl-2"/>
      </object_component>
      <object_component id="oc-c8">
         <name>.debug_info</name>
         <load_address>0xa2cc</load_address>
         <run_address>0xa2cc</run_address>
         <size>0x98c</size>
         <input_file_ref idref="fl-10"/>
      </object_component>
      <object_component id="oc-c9">
         <name>.debug_info</name>
         <load_address>0xac58</load_address>
         <run_address>0xac58</run_address>
         <size>0x1d9</size>
         <input_file_ref idref="fl-2"/>
      </object_component>
      <object_component id="oc-ce">
         <name>.debug_info</name>
         <load_address>0xae31</load_address>
         <run_address>0xae31</run_address>
         <size>0x604</size>
         <input_file_ref idref="fl-10"/>
      </object_component>
      <object_component id="oc-d3">
         <name>.debug_info</name>
         <load_address>0xb435</load_address>
         <run_address>0xb435</run_address>
         <size>0xbb</size>
         <input_file_ref idref="fl-2"/>
      </object_component>
      <object_component id="oc-da">
         <name>.debug_info</name>
         <load_address>0xb4f0</load_address>
         <run_address>0xb4f0</run_address>
         <size>0x105</size>
         <input_file_ref idref="fl-91"/>
      </object_component>
      <object_component id="oc-e2">
         <name>.debug_info</name>
         <load_address>0xb5f5</load_address>
         <run_address>0xb5f5</run_address>
         <size>0xcd</size>
         <input_file_ref idref="fl-a0"/>
      </object_component>
      <object_component id="oc-ea">
         <name>.debug_info</name>
         <load_address>0xb6c2</load_address>
         <run_address>0xb6c2</run_address>
         <size>0xc5</size>
         <input_file_ref idref="fl-9a"/>
      </object_component>
      <object_component id="oc-ec">
         <name>.debug_info</name>
         <load_address>0xb787</load_address>
         <run_address>0xb787</run_address>
         <size>0xfe</size>
         <input_file_ref idref="fl-93"/>
      </object_component>
      <object_component id="oc-ee">
         <name>.debug_info</name>
         <load_address>0xb885</load_address>
         <run_address>0xb885</run_address>
         <size>0xf0</size>
         <input_file_ref idref="fl-93"/>
      </object_component>
      <object_component id="oc-f2">
         <name>.debug_info</name>
         <load_address>0xb975</load_address>
         <run_address>0xb975</run_address>
         <size>0x140</size>
         <input_file_ref idref="fl-93"/>
      </object_component>
      <object_component id="oc-f6">
         <name>.debug_info</name>
         <load_address>0xbab5</load_address>
         <run_address>0xbab5</run_address>
         <size>0x140</size>
         <input_file_ref idref="fl-93"/>
      </object_component>
      <object_component id="oc-fc">
         <name>.debug_info</name>
         <load_address>0xbbf5</load_address>
         <run_address>0xbbf5</run_address>
         <size>0x1ab</size>
         <input_file_ref idref="fl-94"/>
      </object_component>
      <object_component id="oc-fe">
         <name>.debug_info</name>
         <load_address>0xbda0</load_address>
         <run_address>0xbda0</run_address>
         <size>0x2e65</size>
         <input_file_ref idref="fl-a"/>
      </object_component>
      <object_component id="oc-103">
         <name>.debug_info</name>
         <load_address>0xec05</load_address>
         <run_address>0xec05</run_address>
         <size>0xc9</size>
         <input_file_ref idref="fl-90"/>
      </object_component>
      <object_component id="oc-107">
         <name>.debug_info</name>
         <load_address>0xecce</load_address>
         <run_address>0xecce</run_address>
         <size>0x214</size>
         <input_file_ref idref="fl-98"/>
      </object_component>
      <object_component id="oc-10b">
         <name>.debug_info</name>
         <load_address>0xeee2</load_address>
         <run_address>0xeee2</run_address>
         <size>0xe9d</size>
         <input_file_ref idref="fl-8"/>
      </object_component>
      <object_component id="oc-110">
         <name>.debug_info</name>
         <load_address>0xfd7f</load_address>
         <run_address>0xfd7f</run_address>
         <size>0x13df</size>
         <input_file_ref idref="fl-9"/>
      </object_component>
      <object_component id="oc-115">
         <name>.debug_info</name>
         <load_address>0x1115e</load_address>
         <run_address>0x1115e</run_address>
         <size>0x4ad</size>
         <input_file_ref idref="fl-3"/>
      </object_component>
      <object_component id="oc-11a">
         <name>.debug_info</name>
         <load_address>0x1160b</load_address>
         <run_address>0x1160b</run_address>
         <size>0x191</size>
         <input_file_ref idref="fl-97"/>
      </object_component>
      <object_component id="oc-11e">
         <name>.debug_info</name>
         <load_address>0x1179c</load_address>
         <run_address>0x1179c</run_address>
         <size>0x13a</size>
         <input_file_ref idref="fl-99"/>
      </object_component>
      <object_component id="oc-122">
         <name>.debug_info</name>
         <load_address>0x118d6</load_address>
         <run_address>0x118d6</run_address>
         <size>0x28ef</size>
         <input_file_ref idref="fl-b"/>
      </object_component>
      <object_component id="oc-127">
         <name>.debug_info</name>
         <load_address>0x141c5</load_address>
         <run_address>0x141c5</run_address>
         <size>0xaab</size>
         <input_file_ref idref="fl-5"/>
      </object_component>
      <object_component id="oc-12c">
         <name>.debug_info</name>
         <load_address>0x14c70</load_address>
         <run_address>0x14c70</run_address>
         <size>0x13e</size>
         <input_file_ref idref="fl-c"/>
      </object_component>
      <object_component id="oc-131">
         <name>.debug_info</name>
         <load_address>0x14dae</load_address>
         <run_address>0x14dae</run_address>
         <size>0x1b74</size>
         <input_file_ref idref="fl-6"/>
      </object_component>
      <object_component id="oc-136">
         <name>.debug_info</name>
         <load_address>0x16922</load_address>
         <run_address>0x16922</run_address>
         <size>0xc9</size>
         <input_file_ref idref="fl-96"/>
      </object_component>
      <object_component id="oc-13a">
         <name>.debug_info</name>
         <load_address>0x169eb</load_address>
         <run_address>0x169eb</run_address>
         <size>0x1e1</size>
         <input_file_ref idref="fl-2"/>
      </object_component>
      <object_component id="oc-13c">
         <name>.debug_info</name>
         <load_address>0x16bcc</load_address>
         <run_address>0x16bcc</run_address>
         <size>0xe3</size>
         <input_file_ref idref="fl-2"/>
      </object_component>
      <object_component id="oc-13f">
         <name>.debug_info</name>
         <load_address>0x16caf</load_address>
         <run_address>0x16caf</run_address>
         <size>0xd0</size>
         <input_file_ref idref="fl-2"/>
      </object_component>
      <object_component id="oc-142">
         <name>.debug_info</name>
         <load_address>0x16d7f</load_address>
         <run_address>0x16d7f</run_address>
         <size>0x122</size>
         <input_file_ref idref="fl-2"/>
      </object_component>
      <object_component id="oc-144">
         <name>.debug_info</name>
         <load_address>0x16ea1</load_address>
         <run_address>0x16ea1</run_address>
         <size>0x11a</size>
         <input_file_ref idref="fl-2"/>
      </object_component>
      <object_component id="oc-149">
         <name>.debug_info</name>
         <load_address>0x16fbb</load_address>
         <run_address>0x16fbb</run_address>
         <size>0xda</size>
         <input_file_ref idref="fl-2"/>
      </object_component>
      <object_component id="oc-14e">
         <name>.debug_info</name>
         <load_address>0x17095</load_address>
         <run_address>0x17095</run_address>
         <size>0xba8</size>
         <input_file_ref idref="fl-2"/>
      </object_component>
      <object_component id="oc-14f">
         <name>.debug_info</name>
         <load_address>0x17c3d</load_address>
         <run_address>0x17c3d</run_address>
         <size>0x604</size>
         <input_file_ref idref="fl-2"/>
      </object_component>
      <object_component id="oc-154">
         <name>.debug_info</name>
         <load_address>0x18241</load_address>
         <run_address>0x18241</run_address>
         <size>0x140</size>
         <input_file_ref idref="fl-2"/>
      </object_component>
      <object_component id="oc-159">
         <name>.debug_info</name>
         <load_address>0x18381</load_address>
         <run_address>0x18381</run_address>
         <size>0xe7</size>
         <input_file_ref idref="fl-2"/>
      </object_component>
      <object_component id="oc-15e">
         <name>.debug_info</name>
         <load_address>0x18468</load_address>
         <run_address>0x18468</run_address>
         <size>0x2c</size>
         <input_file_ref idref="fl-2"/>
      </object_component>
      <object_component id="oc-163">
         <name>.debug_info</name>
         <load_address>0x18494</load_address>
         <run_address>0x18494</run_address>
         <size>0x1e4</size>
         <input_file_ref idref="fl-2"/>
      </object_component>
      <object_component id="oc-169">
         <name>.debug_info</name>
         <load_address>0x18678</load_address>
         <run_address>0x18678</run_address>
         <size>0xa9</size>
         <input_file_ref idref="fl-a2"/>
      </object_component>
      <object_component id="oc-16b">
         <name>.debug_info</name>
         <load_address>0x18721</load_address>
         <run_address>0x18721</run_address>
         <size>0x10b</size>
         <input_file_ref idref="fl-95"/>
      </object_component>
      <object_component id="oc-16f">
         <name>.debug_info</name>
         <load_address>0x1882c</load_address>
         <run_address>0x1882c</run_address>
         <size>0xfc</size>
         <input_file_ref idref="fl-95"/>
      </object_component>
      <object_component id="oc-173">
         <name>.debug_info</name>
         <load_address>0x18928</load_address>
         <run_address>0x18928</run_address>
         <size>0x418</size>
         <input_file_ref idref="fl-9b"/>
      </object_component>
      <object_component id="oc-177">
         <name>.debug_info</name>
         <load_address>0x18d40</load_address>
         <run_address>0x18d40</run_address>
         <size>0x1e3</size>
         <input_file_ref idref="fl-95"/>
      </object_component>
      <object_component id="oc-179">
         <name>.debug_info</name>
         <load_address>0x18f23</load_address>
         <run_address>0x18f23</run_address>
         <size>0x165</size>
         <input_file_ref idref="fl-d"/>
      </object_component>
      <object_component id="oc-17e">
         <name>.debug_info</name>
         <load_address>0x19088</load_address>
         <run_address>0x19088</run_address>
         <size>0x2c</size>
         <input_file_ref idref="fl-7"/>
      </object_component>
      <object_component id="oc-183">
         <name>.debug_info</name>
         <load_address>0x190b4</load_address>
         <run_address>0x190b4</run_address>
         <size>0x4c</size>
         <input_file_ref idref="fl-2"/>
      </object_component>
      <object_component id="oc-188">
         <name>.debug_info</name>
         <load_address>0x19100</load_address>
         <run_address>0x19100</run_address>
         <size>0x3f0</size>
         <input_file_ref idref="fl-7"/>
      </object_component>
      <object_component id="oc-18b">
         <name>.debug_info</name>
         <load_address>0x194f0</load_address>
         <run_address>0x194f0</run_address>
         <size>0x294</size>
         <input_file_ref idref="fl-f"/>
      </object_component>
      <object_component id="oc-18f">
         <name>.debug_info</name>
         <load_address>0x19784</load_address>
         <run_address>0x19784</run_address>
         <size>0x9a</size>
         <input_file_ref idref="fl-10"/>
      </object_component>
      <object_component id="oc-194">
         <name>.debug_info</name>
         <load_address>0x1981e</load_address>
         <run_address>0x1981e</run_address>
         <size>0x8a</size>
         <input_file_ref idref="fl-10"/>
      </object_component>
      <object_component id="oc-199">
         <name>.debug_info</name>
         <load_address>0x198a8</load_address>
         <run_address>0x198a8</run_address>
         <size>0x102</size>
         <input_file_ref idref="fl-10"/>
      </object_component>
      <object_component id="oc-19e">
         <name>.debug_info</name>
         <load_address>0x199aa</load_address>
         <run_address>0x199aa</run_address>
         <size>0x9e</size>
         <input_file_ref idref="fl-10"/>
      </object_component>
      <object_component id="oc-1a3">
         <name>.debug_info</name>
         <load_address>0x19a48</load_address>
         <run_address>0x19a48</run_address>
         <size>0x4b</size>
         <input_file_ref idref="fl-10"/>
      </object_component>
      <object_component id="oc-1a8">
         <name>.debug_info</name>
         <load_address>0x19a93</load_address>
         <run_address>0x19a93</run_address>
         <size>0x106</size>
         <input_file_ref idref="fl-10"/>
      </object_component>
      <object_component id="oc-1ad">
         <name>.debug_info</name>
         <load_address>0x19b99</load_address>
         <run_address>0x19b99</run_address>
         <size>0xb2</size>
         <input_file_ref idref="fl-10"/>
      </object_component>
      <object_component id="oc-1b2">
         <name>.debug_info</name>
         <load_address>0x19c4b</load_address>
         <run_address>0x19c4b</run_address>
         <size>0xb3</size>
         <input_file_ref idref="fl-10"/>
      </object_component>
      <object_component id="oc-1b7">
         <name>.debug_info</name>
         <load_address>0x19cfe</load_address>
         <run_address>0x19cfe</run_address>
         <size>0xb3</size>
         <input_file_ref idref="fl-10"/>
      </object_component>
      <object_component id="oc-1bc">
         <name>.debug_info</name>
         <load_address>0x19db1</load_address>
         <run_address>0x19db1</run_address>
         <size>0xfe</size>
         <input_file_ref idref="fl-10"/>
      </object_component>
      <object_component id="oc-1c1">
         <name>.debug_info</name>
         <load_address>0x19eaf</load_address>
         <run_address>0x19eaf</run_address>
         <size>0x1c1</size>
         <input_file_ref idref="fl-10"/>
      </object_component>
      <object_component id="oc-1c6">
         <name>.debug_info</name>
         <load_address>0x1a070</load_address>
         <run_address>0x1a070</run_address>
         <size>0xb2</size>
         <input_file_ref idref="fl-10"/>
      </object_component>
      <object_component id="oc-1cb">
         <name>.debug_info</name>
         <load_address>0x1a122</load_address>
         <run_address>0x1a122</run_address>
         <size>0x86</size>
         <input_file_ref idref="fl-10"/>
      </object_component>
      <object_component id="oc-1d0">
         <name>.debug_info</name>
         <load_address>0x1a1a8</load_address>
         <run_address>0x1a1a8</run_address>
         <size>0x686</size>
         <input_file_ref idref="fl-10"/>
      </object_component>
      <object_component id="oc-1d5">
         <name>.debug_info</name>
         <load_address>0x1a82e</load_address>
         <run_address>0x1a82e</run_address>
         <size>0x39e</size>
         <input_file_ref idref="fl-10"/>
      </object_component>
      <object_component id="oc-1da">
         <name>.debug_info</name>
         <load_address>0x1abcc</load_address>
         <run_address>0x1abcc</run_address>
         <size>0x506</size>
         <input_file_ref idref="fl-10"/>
      </object_component>
      <object_component id="oc-1df">
         <name>.debug_info</name>
         <load_address>0x1b0d2</load_address>
         <run_address>0x1b0d2</run_address>
         <size>0x18da</size>
         <input_file_ref idref="fl-10"/>
      </object_component>
      <object_component id="oc-1e4">
         <name>.debug_info</name>
         <load_address>0x1c9ac</load_address>
         <run_address>0x1c9ac</run_address>
         <size>0x17b</size>
         <input_file_ref idref="fl-10"/>
      </object_component>
      <object_component id="oc-1e9">
         <name>.debug_info</name>
         <load_address>0x1cb27</load_address>
         <run_address>0x1cb27</run_address>
         <size>0x598</size>
         <input_file_ref idref="fl-10"/>
      </object_component>
      <object_component id="oc-1ee">
         <name>.debug_info</name>
         <load_address>0x1d0bf</load_address>
         <run_address>0x1d0bf</run_address>
         <size>0x16f</size>
         <input_file_ref idref="fl-2"/>
      </object_component>
      <object_component id="oc-1f3">
         <name>.debug_info</name>
         <load_address>0x1d22e</load_address>
         <run_address>0x1d22e</run_address>
         <size>0x179</size>
         <input_file_ref idref="fl-10"/>
      </object_component>
      <object_component id="oc-1f8">
         <name>.debug_info</name>
         <load_address>0x1d3a7</load_address>
         <run_address>0x1d3a7</run_address>
         <size>0x6bd</size>
         <input_file_ref idref="fl-10"/>
      </object_component>
      <object_component id="oc-1fd">
         <name>.debug_info</name>
         <load_address>0x1da64</load_address>
         <run_address>0x1da64</run_address>
         <size>0x13d</size>
         <input_file_ref idref="fl-10"/>
      </object_component>
      <object_component id="oc-202">
         <name>.debug_info</name>
         <load_address>0x1dba1</load_address>
         <run_address>0x1dba1</run_address>
         <size>0x17b</size>
         <input_file_ref idref="fl-10"/>
      </object_component>
      <object_component id="oc-207">
         <name>.debug_info</name>
         <load_address>0x1dd1c</load_address>
         <run_address>0x1dd1c</run_address>
         <size>0x17a</size>
         <input_file_ref idref="fl-10"/>
      </object_component>
      <object_component id="oc-20c">
         <name>.debug_info</name>
[...]
         <name>getFpgaDevID</name>
         <value>0x108281cc</value>
         <object_component_ref idref="oc-10a"/>
      </symbol>
      <symbol id="sm-672">
         <name>fpgaDisableEepromWriteProtect</name>
         <value>0x108283ec</value>
         <object_component_ref idref="oc-10a"/>
      </symbol>
      <symbol id="sm-673">
         <name>fpgaDisableNorWriteProtect</name>
         <value>0x10828364</value>
         <object_component_ref idref="oc-10a"/>
      </symbol>
      <symbol id="sm-674">
         <name>fpgaWriteConfigurationRegister</name>
         <value>0x10828504</value>
         <object_component_ref idref="oc-10a"/>
      </symbol>
      <symbol id="sm-675">
         <name>fpgaGetUserSwitch</name>
         <value>0x10828474</value>
         <object_component_ref idref="oc-10a"/>
      </symbol>
      <symbol id="sm-676">
         <name>fpgaReadConfigurationRegister</name>
         <value>0x108285b0</value>
         <object_component_ref idref="oc-10a"/>
      </symbol>
      <symbol id="sm-677">
         <name>fpgaDisableNandWriteProtect</name>
         <value>0x108282d8</value>
         <object_component_ref idref="oc-10a"/>
      </symbol>
      <symbol id="sm-678">
         <name>fpgaEnableNandWriteProtect</name>
         <value>0x10828320</value>
         <object_component_ref idref="oc-10a"/>
      </symbol>
      <symbol id="sm-679">
         <name>getBoardVersion</name>
         <value>0x10828180</value>
         <object_component_ref idref="oc-10a"/>
      </symbol>
      <symbol id="sm-67a">
         <name>fpgaGetAMCDetect</name>
         <value>0x108284c0</value>
         <object_component_ref idref="oc-10a"/>
      </symbol>
      <symbol id="sm-67b">
         <name>fpgaControlUserLEDs</name>
         <value>0x10828218</value>
         <object_component_ref idref="oc-10a"/>
      </symbol>
      <symbol id="sm-67c">
         <name>fpgaEnableNorWriteProtect</name>
         <value>0x108283a8</value>
         <object_component_ref idref="oc-10a"/>
      </symbol>
      <symbol id="sm-6fe">
         <name>Init_SGMII</name>
         <value>0x10828098</value>
         <object_component_ref idref="oc-10f"/>
      </symbol>
      <symbol id="sm-6ff">
         <name>configSerdes</name>
         <value>0x10828020</value>
         <object_component_ref idref="oc-10f"/>
      </symbol>
      <symbol id="sm-7e3">
         <name>PowerUpDomains</name>
         <value>0x10823614</value>
         <object_component_ref idref="oc-fd"/>
      </symbol>
      <symbol id="sm-7e4">
         <name>CorePllcGetHwSetup</name>
         <value>0x10823334</value>
         <object_component_ref idref="oc-fd"/>
      </symbol>
      <symbol id="sm-7e5">
         <name>SetPaPllConfig</name>
         <value>0x10823420</value>
         <object_component_ref idref="oc-fd"/>
      </symbol>
      <symbol id="sm-7e6">
         <name>SetDDR3PllConfig</name>
         <value>0x108236b0</value>
         <object_component_ref idref="oc-fd"/>
      </symbol>
      <symbol id="sm-7e7">
         <name>DDR3Init</name>
         <value>0x10823874</value>
         <object_component_ref idref="oc-fd"/>
      </symbol>
      <symbol id="sm-7e8">
         <name>xmc_setup</name>
         <value>0x10823820</value>
         <object_component_ref idref="oc-fd"/>
      </symbol>
      <symbol id="sm-7e9">
         <name>CorePllcHwSetup</name>
         <value>0x108230d8</value>
         <object_component_ref idref="oc-fd"/>
      </symbol>
      <symbol id="sm-7ea">
         <name>prog_pll1_values</name>
         <value>0x10822f74</value>
         <object_component_ref idref="oc-fd"/>
      </symbol>
      <symbol id="sm-93f">
         <name>NandWriteDataBytes</name>
         <value>0x108246d0</value>
         <object_component_ref idref="oc-121"/>
      </symbol>
      <symbol id="sm-940">
         <name>NandGetDetails</name>
         <value>0x10824d80</value>
         <object_component_ref idref="oc-121"/>
      </symbol>
      <symbol id="sm-941">
         <name>writeNandPage</name>
         <value>0x10824734</value>
         <object_component_ref idref="oc-121"/>
      </symbol>
      <symbol id="sm-942">
         <name>nandInit</name>
         <value>0x10824e84</value>
         <object_component_ref idref="oc-121"/>
      </symbol>
      <symbol id="sm-943">
         <name>NandReadSpareArea</name>
         <value>0x1082438c</value>
         <object_component_ref idref="oc-121"/>
      </symbol>
      <symbol id="sm-944">
         <name>readNandPage</name>
         <value>0x10824490</value>
         <object_component_ref idref="oc-121"/>
      </symbol>
      <symbol id="sm-945">
         <name>nandFlashBlockErase</name>
         <value>0x10824a8c</value>
         <object_component_ref idref="oc-121"/>
      </symbol>
      <symbol id="sm-946">
         <name>NandWriteSpareArea</name>
         <value>0x10824950</value>
         <object_component_ref idref="oc-121"/>
      </symbol>
      <symbol id="sm-950">
         <name>evmI2CInit</name>
         <value>0x1082de00</value>
         <object_component_ref idref="oc-12b"/>
      </symbol>
      <symbol id="sm-967">
         <name>CSL_GPIO_open</name>
         <value>0x1082e400</value>
         <object_component_ref idref="oc-178"/>
      </symbol>
      <symbol id="sm-96f">
         <name>SetupXMC</name>
         <value>0x1082e2a0</value>
         <object_component_ref idref="oc-bc"/>
      </symbol>
      <symbol id="sm-98a">
         <name>write_read_image</name>
         <value>0x1082d3e0</value>
         <object_component_ref idref="oc-b7"/>
      </symbol>
      <symbol id="sm-a68">
         <name>Osal_platformSpiCsExit</name>
         <value>0x10829418</value>
         <object_component_ref idref="oc-5e"/>
      </symbol>
      <symbol id="sm-a69">
         <name>Osal_platformSpiCsEnter</name>
         <value>0x10829400</value>
         <object_component_ref idref="oc-5e"/>
      </symbol>
      <symbol id="sm-a6a">
         <name>boot_bltb</name>
         <value>0x10829428</value>
         <object_component_ref idref="oc-5e"/>
      </symbol>
      <symbol id="sm-a6b">
         <name>bootOtherCore</name>
         <value>0x10829364</value>
         <object_component_ref idref="oc-5e"/>
      </symbol>
      <symbol id="sm-a6c">
         <name>Osal_platformMalloc</name>
         <value>0x108293c8</value>
         <object_component_ref idref="oc-5e"/>
      </symbol>
      <symbol id="sm-a6d">
         <name>main</name>
         <value>0x108294f4</value>
         <object_component_ref idref="oc-5e"/>
      </symbol>
      <symbol id="sm-a6e">
         <name>Osal_platformFree</name>
         <value>0x108293e0</value>
         <object_component_ref idref="oc-5e"/>
      </symbol>
      <symbol id="sm-a89">
         <name>_c_int00</name>
         <value>0x10800000</value>
         <object_component_ref idref="oc-f"/>
      </symbol>
      <symbol id="sm-a8a">
         <name>_stack</name>
         <value>0x1082f978</value>
         <object_component_ref idref="oc-1f"/>
      </symbol>
      <symbol id="sm-aa3">
         <name>__TI_decompress_none</name>
         <value>0x1082e540</value>
         <object_component_ref idref="oc-13"/>
      </symbol>
      <symbol id="sm-ac4">
         <name>__TI_decompress_rle24</name>
         <value>0x1082e560</value>
         <object_component_ref idref="oc-1b"/>
      </symbol>
      <symbol id="sm-ad4">
         <name>__TI_zero_init</name>
         <value>0x1082cbe0</value>
         <object_component_ref idref="oc-17"/>
      </symbol>
      <symbol id="sm-adc">
         <name>__c6xabi_divi</name>
         <value>0x1082c860</value>
         <object_component_ref idref="oc-235"/>
      </symbol>
      <symbol id="sm-add">
         <name>__divi</name>
         <value>0x1082c860</value>
         <object_component_ref idref="oc-235"/>
      </symbol>
      <symbol id="sm-ae5">
         <name>__c6xabi_divu</name>
         <value>0x1082d1a0</value>
         <object_component_ref idref="oc-102"/>
      </symbol>
      <symbol id="sm-ae6">
         <name>__divu</name>
         <value>0x1082d1a0</value>
         <object_component_ref idref="oc-102"/>
      </symbol>
      <symbol id="sm-b05">
         <name>C$$EXIT</name>
         <value>0x1082e520</value>
         <object_component_ref idref="oc-6b"/>
      </symbol>
      <symbol id="sm-b06">
         <name>_dtors_ptr</name>
         <value>0x10830d7c</value>
         <object_component_ref idref="oc-69"/>
      </symbol>
      <symbol id="sm-b07">
         <name>abort</name>
         <value>0x1082e520</value>
         <object_component_ref idref="oc-6b"/>
      </symbol>
      <symbol id="sm-b08">
         <name>_cleanup_ptr</name>
         <value>0x10830d78</value>
         <object_component_ref idref="oc-69"/>
      </symbol>
      <symbol id="sm-b09">
         <name>exit</name>
         <value>0x1082d320</value>
         <object_component_ref idref="oc-2b"/>
      </symbol>
      <symbol id="sm-b0a">
         <name>__TI_enable_exit_profile_output</name>
         <value>0x10830d80</value>
         <object_component_ref idref="oc-69"/>
      </symbol>
      <symbol id="sm-b11">
         <name>memcpy</name>
         <value>0x1082db00</value>
         <object_component_ref idref="oc-30"/>
      </symbol>
      <symbol id="sm-b62">
         <name>_sys_memory</name>
         <value>0x10800080</value>
         <object_component_ref idref="oc-21"/>
      </symbol>
      <symbol id="sm-b63">
         <name>free</name>
         <value>0x1082a420</value>
         <object_component_ref idref="oc-a1"/>
      </symbol>
      <symbol id="sm-b64">
         <name>malloc</name>
         <value>0x1082bc20</value>
         <object_component_ref idref="oc-9d"/>
      </symbol>
      <symbol id="sm-b65">
         <name>_minit</name>
         <value>0x1082d880</value>
         <object_component_ref idref="oc-ed"/>
      </symbol>
      <symbol id="sm-b70">
         <name>memset</name>
         <value>0x1082cda0</value>
         <object_component_ref idref="oc-a5"/>
      </symbol>
      <symbol id="sm-b95">
         <name>printf</name>
         <value>0x1082ce80</value>
         <object_component_ref idref="oc-ae"/>
      </symbol>
      <symbol id="sm-b9d">
         <name>__remu</name>
         <value>0x1082d600</value>
         <object_component_ref idref="oc-135"/>
      </symbol>
      <symbol id="sm-b9e">
         <name>__c6xabi_remu</name>
         <value>0x1082d600</value>
         <object_component_ref idref="oc-135"/>
      </symbol>
      <symbol id="sm-bad">
         <name>strlen</name>
         <value>0x1082e440</value>
         <object_component_ref idref="oc-119"/>
      </symbol>
      <symbol id="sm-bbe">
         <name>strncpy</name>
         <value>0x1082df00</value>
         <object_component_ref idref="oc-106"/>
      </symbol>
      <symbol id="sm-bd4">
         <name>vsprintf</name>
         <value>0x1082e1e0</value>
         <object_component_ref idref="oc-11d"/>
      </symbol>
      <symbol id="sm-be2">
         <name>_nop</name>
         <value>0x1082e4a0</value>
         <object_component_ref idref="oc-227"/>
      </symbol>
      <symbol id="sm-be3">
         <name>_lock</name>
         <value>0x10830d98</value>
         <object_component_ref idref="oc-e9"/>
      </symbol>
      <symbol id="sm-be4">
         <name>_unlock</name>
         <value>0x10830d9c</value>
         <object_component_ref idref="oc-e9"/>
      </symbol>
      <symbol id="sm-d2a">
         <name>_printfi</name>
         <value>0x10828640</value>
         <object_component_ref idref="oc-172"/>
      </symbol>
      <symbol id="sm-d31">
         <name>_args_main</name>
         <value>0x1082e380</value>
         <object_component_ref idref="oc-27"/>
      </symbol>
      <symbol id="sm-d3f">
         <name>atoi</name>
         <value>0x1082ca20</value>
         <object_component_ref idref="oc-493"/>
      </symbol>
      <symbol id="sm-d4b">
         <name>_auto_init_elf</name>
         <value>0x1082c480</value>
         <object_component_ref idref="oc-23"/>
      </symbol>
      <symbol id="sm-d55">
         <name>__TI_cpp_init</name>
         <value>0x1082e000</value>
         <object_component_ref idref="oc-59"/>
      </symbol>
      <symbol id="sm-d6a">
         <name>copy_in</name>
         <value>0x1082c680</value>
         <object_component_ref idref="oc-51"/>
      </symbol>
      <symbol id="sm-d73">
         <name>_ctypes_</name>
         <value>0x10830da0</value>
         <object_component_ref idref="oc-4eb"/>
      </symbol>
      <symbol id="sm-d84">
         <name>_tmpnams</name>
         <value>0x1082f7e8</value>
         <object_component_ref idref="oc-5d6"/>
      </symbol>
      <symbol id="sm-d85">
         <name>_ftable</name>
         <value>0x10830978</value>
         <object_component_ref idref="oc-168"/>
      </symbol>
      <symbol id="sm-d86">
         <name>_ft_end</name>
         <value>0x10830c4c</value>
         <object_component_ref idref="oc-588"/>
      </symbol>
      <symbol id="sm-d99">
         <name>__c6xabi_divd</name>
         <value>0x10826560</value>
         <object_component_ref idref="oc-56d"/>
      </symbol>
      <symbol id="sm-db9">
         <name>fputc</name>
         <value>0x1082af80</value>
         <object_component_ref idref="oc-2d6"/>
      </symbol>
      <symbol id="sm-ddd">
         <name>fputs</name>
         <value>0x10828f00</value>
         <object_component_ref idref="oc-2d1"/>
      </symbol>
      <symbol id="sm-de4">
         <name>__c6xabi_frcmpyd_div</name>
         <value>0x1082e060</value>
         <object_component_ref idref="oc-5be"/>
      </symbol>
      <symbol id="sm-ded">
         <name>__c6xabi_divul</name>
         <value>0x1082b900</value>
         <object_component_ref idref="oc-5c3"/>
      </symbol>
      <symbol id="sm-e00">
         <name>_subcull</name>
         <value>0x1082e120</value>
         <object_component_ref idref="oc-5ff"/>
      </symbol>
      <symbol id="sm-e01">
         <name>__c6xabi_divull</name>
         <value>0x1082a6a0</value>
         <object_component_ref idref="oc-5c7"/>
      </symbol>
      <symbol id="sm-e08">
         <name>__c6xabi_isinf</name>
         <value>0x1082e300</value>
         <object_component_ref idref="oc-4f3"/>
      </symbol>
      <symbol id="sm-e1e">
         <name>__c6xabi_llshru</name>
         <value>0x1082e0c0</value>
         <object_component_ref idref="oc-5ba"/>
      </symbol>
      <symbol id="sm-e1f">
         <name>__c6xabi_llshl</name>
         <value>0x1082dd80</value>
         <object_component_ref idref="oc-5fb"/>
      </symbol>
      <symbol id="sm-e73">
         <name>lseek</name>
         <value>0x1082da60</value>
         <object_component_ref idref="oc-530"/>
      </symbol>
      <symbol id="sm-e74">
         <name>write</name>
         <value>0x1082dce0</value>
         <object_component_ref idref="oc-48a"/>
      </symbol>
      <symbol id="sm-e75">
         <name>close</name>
         <value>0x1082cb00</value>
         <object_component_ref idref="oc-5ce"/>
      </symbol>
      <symbol id="sm-e76">
         <name>unlink</name>
         <value>0x1082df80</value>
         <object_component_ref idref="oc-5d2"/>
      </symbol>
      <symbol id="sm-e80">
         <name>ltoa</name>
         <value>0x1082ccc0</value>
         <object_component_ref idref="oc-5b1"/>
      </symbol>
      <symbol id="sm-e8d">
         <name>memccpy</name>
         <value>0x1082e180</value>
         <object_component_ref idref="oc-4a0"/>
      </symbol>
      <symbol id="sm-e99">
         <name>__c6xabi_negll</name>
         <value>0x1082e480</value>
         <object_component_ref idref="oc-508"/>
      </symbol>
      <symbol id="sm-ea6">
         <name>__TI_tls_init</name>
         <value>0x1082d4a0</value>
         <object_component_ref idref="oc-55"/>
      </symbol>
      <symbol id="sm-ee4">
         <name>HOSTrename</name>
         <value>0x1082b760</value>
         <object_component_ref idref="oc-5a9"/>
      </symbol>
      <symbol id="sm-ee5">
         <name>HOSTclose</name>
         <value>0x1082d560</value>
         <object_component_ref idref="oc-595"/>
      </symbol>
      <symbol id="sm-ee6">
         <name>HOSTunlink</name>
         <value>0x1082d020</value>
         <object_component_ref idref="oc-5a5"/>
      </symbol>
      <symbol id="sm-ee7">
         <name>HOSTlseek</name>
         <value>0x1082c380</value>
         <object_component_ref idref="oc-5a1"/>
      </symbol>
      <symbol id="sm-ee8">
         <name>HOSTopen</name>
         <value>0x1082c780</value>
         <object_component_ref idref="oc-591"/>
      </symbol>
      <symbol id="sm-ee9">
         <name>HOSTwrite</name>
         <value>0x1082d0e0</value>
         <object_component_ref idref="oc-59d"/>
      </symbol>
      <symbol id="sm-eea">
         <name>HOSTread</name>
         <value>0x1082cf60</value>
         <object_component_ref idref="oc-599"/>
      </symbol>
      <symbol id="sm-eff">
         <name>writemsg</name>
         <value>0x1082e240</value>
         <object_component_ref idref="oc-5dc"/>
      </symbol>
      <symbol id="sm-f00">
         <name>C$$IO$$</name>
         <value>0x1082e298</value>
         <object_component_ref idref="oc-5dc"/>
      </symbol>
      <symbol id="sm-f01">
         <name>__CIOBUF_</name>
         <value>0x10830fe4</value>
         <object_component_ref idref="oc-610"/>
      </symbol>
      <symbol id="sm-f02">
         <name>readmsg</name>
         <value>0x1082de80</value>
         <object_component_ref idref="oc-5e0"/>
      </symbol>
      <symbol id="sm-f11">
         <name>_wrt_ok</name>
         <value>0x1082c580</value>
         <object_component_ref idref="oc-482"/>
      </symbol>
      <symbol id="sm-f1f">
         <name>_doflush</name>
         <value>0x1082d260</value>
         <object_component_ref idref="oc-486"/>
      </symbol>
      <symbol id="sm-f30">
         <name>fseek</name>
         <value>0x1082c260</value>
         <object_component_ref idref="oc-4d2"/>
      </symbol>
      <symbol id="sm-f46">
         <name>setvbuf</name>
         <value>0x1082b3a0</value>
         <object_component_ref idref="oc-4d6"/>
      </symbol>
      <symbol id="sm-f51">
         <name>_cleanup</name>
         <value>0x1082d6a0</value>
         <object_component_ref idref="oc-536"/>
      </symbol>
      <symbol id="sm-f63">
         <name>_closefile</name>
         <value>0x1082c020</value>
         <object_component_ref idref="oc-58a"/>
      </symbol>
      <symbol id="sm-f65">
         <name>__TI_STATIC_BASE</name>
         <value>0x0</value>
      </symbol>
      <symbol id="sm-f66">
         <name>__TI_args_main</name>
         <value>0x1</value>
      </symbol>
      <symbol id="sm-f67">
         <name>__TI_INITARRAY_Base</name>
         <value>0x0</value>
      </symbol>
      <symbol id="sm-f68">
         <name>__TI_INITARRAY_Limit</name>
         <value>0x0</value>
      </symbol>
      <symbol id="sm-f69">
         <name>__TI_TLS_INIT_Base</name>
         <value>0x0</value>
      </symbol>
      <symbol id="sm-f6a">
         <name>__TI_TLS_INIT_Limit</name>
         <value>0x0</value>
      </symbol>
      <symbol id="sm-f6d">
         <name>remove</name>
         <value>0x1082df80</value>
      </symbol>
   </symbol_table>
</link_info>
