******************************************************************************
               TMS320C6x Linker PC v7.4.2                      
******************************************************************************
>> Linked Mon Nov 20 14:57:22 2017

OUTPUT FILE NAME:   <core0.out>
ENTRY POINT SYMBOL: "_c_int00"  address: 10800000


MEMORY CONFIGURATION

         name            origin    length      used     unused   attr    fill
----------------------  --------  ---------  --------  --------  ----  --------
  MSMCSRAM              0c000000   00100000  00000000  00100000  RW X
  BOOT_CORE0            10800000   00000080  00000080  00000000  RWIX
  L2SRAM                10800080   0007ff80  000311ce  0004edb2  RW X


SEGMENT ALLOCATION MAP

run origin  load origin   length   init length attrs members
----------  ----------- ---------- ----------- ----- -------
10800000    10800000    00000080   00000080    r-x
  10800000    10800000    00000080   00000080    r-x .myboot
10800080    10800080    00020000   00000000    rw-
  10800080    10800080    00020000   00000000    rw- .sysmem
10820080    10820080    0000e500   0000e500    r-x
  10820080    10820080    0000e500   0000e500    r-x .text
1082e580    1082e580    000023f8   00000000    rw-
  1082e580    1082e580    000013f8   00000000    rw- .far
  1082f978    1082f978    00001000   00000000    rw- .stack
10830978    10830978    00000428   00000428    rw-
  10830978    10830978    00000428   00000428    rw- .fardata
10830da0    10830da0    00000242   00000242    r--
  10830da0    10830da0    00000242   00000242    r-- .const
10830fe4    10830fe4    00000120   00000000    rw-
  10830fe4    10830fe4    00000120   00000000    rw- .cio
10831104    10831104    0000014c   0000014c    r--
  10831104    10831104    00000020   00000020    r-- .switch
  10831124    10831124    0000012c   0000012c    r-- .cinit


SECTION ALLOCATION MAP

 output                                  attributes/
section   page    origin      length       input sections
--------  ----  ----------  ----------   ----------------
.myboot    0    10800000    00000080     
                  10800000    00000080     rts6600_elf.lib : boot.obj (.text:_c_int00)

.sysmem    0    10800080    00020000     UNINITIALIZED
                  10800080    00000008     rts6600_elf.lib : memory.obj (.sysmem)
                  10800088    0001fff8     --HOLE--

.text      0    10820080    0000e500     
                  10820080    000020a0     platform.obj (.text)
                  10822120    00001b40     evmc6678.obj (.text)
                  10823c60    00001240     evm66x_nand.obj (.text)
                  10824ea0    00000e20     evmc66x_i2c_eeprom.obj (.text)
                  10825cc0    000008a0     evmc66x_gpio.obj (.text)
                  10826560    000005c0     rts6600_elf.lib : divd.obj (.text:__c6xabi_divd)
                  10826b20    000005c0                     : _printfi.obj (.text:_getarg_diouxp)
                  108270e0    000005c0     evmc66x_spi.obj (.text)
                  108276a0    00000580     evmc66x_nor.obj (.text)
                  10827c20    00000560     evmc6678_phy.obj (.text)
                  10828180    000004c0     evmc66x_fpga.obj (.text)
                  10828640    00000460     rts6600_elf.lib : _printfi.obj (.text:_printfi)
                  10828aa0    00000460                     : _printfi.obj (.text:_setfield)
                  10828f00    000003a0                     : fputs.obj (.text:fputs)
                  108292a0    00000340     main.obj (.text)
                  108295e0    00000320     rts6600_elf.lib : _printfi.obj (.text:_pproc_fge)
                  10829900    00000320     evmc66x_uart.obj (.text)
                  10829c20    000002e0     rts6600_elf.lib : _printfi.obj (.text:_pproc_fwp)
                  10829f00    000002a0                     : _printfi.obj (.text:fcvt)
                  1082a1a0    00000280                     : _printfi.obj (.text:ecvt)
                  1082a420    00000280                     : memory.obj (.text:free)
                  1082a6a0    00000240                     : imath64.obj (.text:__c6xabi_divull)
                  1082a8e0    00000240                     : _printfi.obj (.text:_pconv_e)
                  1082ab20    00000240                     : _printfi.obj (.text:_pproc_diouxp)
                  1082ad60    00000220                     : _printfi.obj (.text:_pproc_str)
                  1082af80    00000220                     : fputc.obj (.text:fputc)
                  1082b1a0    00000200                     : _printfi.obj (.text:_pconv_g)
                  1082b3a0    00000200                     : setvbuf.obj (.text:setvbuf)
                  1082b5a0    000001c0                     : _printfi.obj (.text:_mcpy)
                  1082b760    000001a0                     : trgdrv.obj (.text:HOSTrename)
                  1082b900    000001a0                     : imath40.obj (.text:__c6xabi_divul)
                  1082baa0    00000180                     : copy_decompress_rle.obj (.text:__TI_decompress_rle_core)
                  1082bc20    00000180                     : memory.obj (.text:malloc)
                  1082bda0    00000140                     : _printfi.obj (.text:_pproc_fflags)
                  1082bee0    00000140                     : lowlev.obj (.text:getdevice)
                  1082c020    00000120                     : fclose.obj (.text:_closefile)
                  1082c140    00000120                     : _printfi.obj (.text:_ltostr)
                  1082c260    00000120                     : fseek.obj (.text:fseek)
                  1082c380    00000100                     : trgdrv.obj (.text:HOSTlseek)
                  1082c480    00000100                     : autoinit.obj (.text:_auto_init_elf)
                  1082c580    00000100                     : _io_perm.obj (.text:_wrt_ok)
                  1082c680    00000100                     : cpy_tbl.obj (.text:copy_in)
                  1082c780    000000e0                     : trgdrv.obj (.text:HOSTopen)
                  1082c860    000000e0                     : divi.obj (.text:__divi)
                  1082c940    000000e0                     : _printfi.obj (.text:_div)
                  1082ca20    000000e0                     : atoi.obj (.text:atoi)
                  1082cb00    000000e0                     : lowlev.obj (.text:close)
                  1082cbe0    000000e0                     : copy_zero_init.obj (.text:decompress:ZI:__TI_zero_init)
                  1082ccc0    000000e0                     : ltoa.obj (.text:ltoa)
                  1082cda0    000000e0                     : memset.obj (.text:memset)
                  1082ce80    000000e0                     : printf.obj (.text:printf)
                  1082cf60    000000c0                     : trgdrv.obj (.text:HOSTread)
                  1082d020    000000c0                     : trgdrv.obj (.text:HOSTunlink)
                  1082d0e0    000000c0                     : trgdrv.obj (.text:HOSTwrite)
                  1082d1a0    000000c0                     : divu.obj (.text:__divu)
                  1082d260    000000c0                     : fflush.obj (.text:_doflush)
                  1082d320    000000c0                     : exit.obj (.text:exit)
                  1082d3e0    000000c0     nand_flash.obj (.text)
                  1082d4a0    000000c0     rts6600_elf.lib : tls.obj (.text:tls:init:__TI_tls_init)
                  1082d560    000000a0                     : trgdrv.obj (.text:HOSTclose)
                  1082d600    000000a0                     : remu.obj (.text:__remu)
                  1082d6a0    000000a0                     : fopen.obj (.text:_cleanup)
                  1082d740    000000a0                     : _printfi.obj (.text:_ecpy)
                  1082d7e0    000000a0                     : _printfi.obj (.text:_fcpy)
                  1082d880    000000a0                     : memory.obj (.text:_minit)
                  1082d920    000000a0                     : _printfi.obj (.text:_pconv_f)
                  1082d9c0    000000a0                     : lowlev.obj (.text:finddevice)
                  1082da60    000000a0                     : lowlev.obj (.text:lseek)
                  1082db00    000000a0                     : memcpy64.obj (.text:memcpy)
                  1082dba0    000000a0                     : memory.obj (.text:minsert)
                  1082dc40    000000a0                     : memory.obj (.text:mremove)
                  1082dce0    000000a0                     : lowlev.obj (.text:write)
                  1082dd80    00000080                     : llshift.obj (.text:__c6xabi_llshl)
                  1082de00    00000080     evm66x_i2c.obj (.text)
                  1082de80    00000080     rts6600_elf.lib : trgmsg.obj (.text:readmsg)
                  1082df00    00000080                     : strncpy.obj (.text:strncpy)
                  1082df80    00000080                     : lowlev.obj (.text:unlink)
                  1082e000    00000060                     : cpp_init.obj (.text:__TI_cpp_init)
                  1082e060    00000060                     : frcmpyd_div.obj (.text:__c6xabi_frcmpyd_div)
                  1082e0c0    00000060                     : llshift.obj (.text:__c6xabi_llshru)
                  1082e120    00000060                     : imath64.obj (.text:_subcull)
                  1082e180    00000060                     : memccpy.obj (.text:memccpy)
                  1082e1e0    00000060                     : vsprintf.obj (.text:vsprintf)
                  1082e240    00000060                     : trgmsg.obj (.text:writemsg)
                  1082e2a0    00000060     xmc_setup.obj (.text)
                  1082e300    00000040     rts6600_elf.lib : isinf.obj (.text:__c6xabi_isinf)
                  1082e340    00000040                     : _printfi.obj (.text:__c6xabi_isnan)
                  1082e380    00000040                     : args_main.obj (.text:_args_main)
                  1082e3c0    00000040                     : vsprintf.obj (.text:_outs)
                  1082e400    00000040     csl_gpioGetBaseAddress.obj (.text)
                  1082e440    00000040     rts6600_elf.lib : strlen.obj (.text:strlen)
                  1082e480    00000020                     : negll.obj (.text:__c6xabi_negll)
                  1082e4a0    00000020                     : _lock.obj (.text:_nop)
                  1082e4c0    00000020                     : printf.obj (.text:_outc)
                  1082e4e0    00000020                     : vsprintf.obj (.text:_outc)
                  1082e500    00000020                     : printf.obj (.text:_outs)
                  1082e520    00000020                     : exit.obj (.text:abort)
                  1082e540    00000020                     : copy_decompress_none.obj (.text:decompress:none:__TI_decompress_none)
                  1082e560    00000020                     : copy_decompress_rle.obj (.text:decompress:rle24:__TI_decompress_rle24)

.far       0    1082e580    000013f8     UNINITIALIZED
                  1082e580    00001058     platform.obj (.far)
                  1082f5d8    00000210     evm66x_nand.obj (.far)
                  1082f7e8    00000140     rts6600_elf.lib : defs.obj (.far)
                  1082f928    00000044     evmc66x_i2c_eeprom.obj (.far)
                  1082f96c    00000004     evmc66x_spi.obj (.far)
                  1082f970    00000008     rts6600_elf.lib : trgdrv.obj (.far)

.stack     0    1082f978    00001000     UNINITIALIZED
                  1082f978    00000008     rts6600_elf.lib : boot.obj (.stack)
                  1082f980    00000ff8     --HOLE--

.fardata   0    10830978    00000428     
                  10830978    000001e0     rts6600_elf.lib : defs.obj (.fardata:_ftable)
                  10830b58    000000f4     platform.obj (.fardata)
                  10830c4c    00000004     rts6600_elf.lib : defs.obj (.fardata)
                  10830c50    000000a0                     : lowlev.obj (.fardata:_stream)
                  10830cf0    00000078                     : lowlev.obj (.fardata:_device)
                  10830d68    00000010     platform.obj (.fardata:platform_library_version)
                  10830d78    0000000c     rts6600_elf.lib : exit.obj (.fardata)
                  10830d84    0000000c                     : memory.obj (.fardata)
                  10830d90    00000008     platform.obj (.fardata:emac_port_mode)
                  10830d98    00000008     rts6600_elf.lib : _lock.obj (.fardata)

.const     0    10830da0    00000242     
                  10830da0    00000101     rts6600_elf.lib : ctype.obj (.const:.string:_ctypes_)
                  10830ea1    00000003     --HOLE-- [fill = 0]
                  10830ea4    00000070     nand_flash.obj (.const:.string)
                  10830f14    00000058     platform.obj (.const:.string)
                  10830f6c    00000023     rts6600_elf.lib : _printfi.obj (.const:.string)
                  10830f8f    00000001     --HOLE-- [fill = 0]
                  10830f90    0000001c     evm66x_nand.obj (.const:.string)
                  10830fac    00000018     main.obj (.const:.string)
                  10830fc4    00000004     --HOLE-- [fill = 0]
                  10830fc8    0000000a     evm66x_nand.obj (.const:.string:$P$T0$1)
                  10830fd2    00000006     --HOLE-- [fill = 0]
                  10830fd8    0000000a     evm66x_nand.obj (.const:.string:$P$T1$2)

.cio       0    10830fe4    00000120     UNINITIALIZED
                  10830fe4    00000120     rts6600_elf.lib : trgmsg.obj (.cio)

.switch    0    10831104    00000020     
                  10831104    00000020     platform.obj (.switch:platform_internal_memory_test)

.cinit     0    10831124    0000012c     
                  10831124    00000105     (.cinit..fardata.load) [load image, compression = rle]
                  10831229    00000003     --HOLE-- [fill = 0]
                  1083122c    0000000c     (__TI_handler_table)
                  10831238    00000008     (.cinit..far.load) [load image, compression = zero_init]
                  10831240    00000010     (__TI_cinit_table)


LINKER GENERATED COPY TABLES

__TI_cinit_table @ 10831240 records: 2, size/record: 8, table size: 16
	.fardata: load addr=10831124, load size=00000105 bytes, run addr=10830978, run size=00000428 bytes, compression=rle
	.far: load addr=10831238, load size=00000008 bytes, run addr=1082e580, run size=000013f8 bytes, compression=zero_init


LINKER GENERATED HANDLER TABLE

__TI_handler_table @ 1083122c records: 3, size/record: 4, table size: 12
	index: 0, handler: __TI_zero_init
	index: 1, handler: __TI_decompress_rle24
	index: 2, handler: __TI_decompress_none


GLOBAL SYMBOLS: SORTED ALPHABETICALLY BY Name 

address    name
--------   ----
1082e520   C$$EXIT
1082e298   C$$IO$$
1082e400   CSL_GPIO_open
108220b4   Convert_CoreLocal2GlobalAddr
10823334   CorePllcGetHwSetup
108230d8   CorePllcHwSetup
10823874   DDR3Init
1082d560   HOSTclose
1082c380   HOSTlseek
1082c780   HOSTopen
1082cf60   HOSTread
1082b760   HOSTrename
1082d020   HOSTunlink
1082d0e0   HOSTwrite
10828098   Init_SGMII
10824d80   NandGetDetails
1082438c   NandReadSpareArea
108246d0   NandWriteDataBytes
10824950   NandWriteSpareArea
108293e0   Osal_platformFree
108293c8   Osal_platformMalloc
10829400   Osal_platformSpiCsEnter
10829418   Osal_platformSpiCsExit
10823614   PowerUpDomains
108236b0   SetDDR3PllConfig
10823420   SetPaPllConfig
1082e2a0   SetupXMC
10829900   UartInit
10829bcc   UartIsDataReady
10829ad0   UartReadBaudRate
10829b40   UartReadData
10829a58   UartSetBaudRate
10829b6c   UartWriteData
10830fe4   __CIOBUF_
10831240   __TI_CINIT_Base
10831250   __TI_CINIT_Limit
1083122c   __TI_Handler_Table_Base
10831238   __TI_Handler_Table_Limit
UNDEFED    __TI_INITARRAY_Base
UNDEFED    __TI_INITARRAY_Limit
10830978   __TI_STACK_END
00001000   __TI_STACK_SIZE
00000000   __TI_STATIC_BASE
00020000   __TI_SYSMEM_SIZE
UNDEFED    __TI_TLS_INIT_Base
UNDEFED    __TI_TLS_INIT_Limit
00000001   __TI_args_main
1082e000   __TI_cpp_init
1082e540   __TI_decompress_none
1082e560   __TI_decompress_rle24
10830d80   __TI_enable_exit_profile_output
ffffffff   __TI_pprof_out_hndl
ffffffff   __TI_prof_data_size
ffffffff   __TI_prof_data_start
1082d4a0   __TI_tls_init
1082cbe0   __TI_zero_init
ffffffff   __binit__
10826560   __c6xabi_divd
1082c860   __c6xabi_divi
1082d1a0   __c6xabi_divu
1082b900   __c6xabi_divul
1082a6a0   __c6xabi_divull
1082e060   __c6xabi_frcmpyd_div
1082e300   __c6xabi_isinf
1082dd80   __c6xabi_llshl
1082e0c0   __c6xabi_llshru
1082e480   __c6xabi_negll
1082d600   __c6xabi_remu
ffffffff   __c_args__
1082c860   __divi
1082d1a0   __divu
1082d600   __remu
1082e380   _args_main
1082c480   _auto_init_elf
10800000   _c_int00
1082d6a0   _cleanup
10830d78   _cleanup_ptr
1082c020   _closefile
10830da0   _ctypes_
1082d260   _doflush
10830d7c   _dtors_ptr
10830c4c   _ft_end
10830978   _ftable
10830d98   _lock
1082d880   _minit
1082e4a0   _nop
10828640   _printfi
1082f978   _stack
1082e120   _subcull
10800080   _sys_memory
1082f7e8   _tmpnams
10830d9c   _unlock
1082c580   _wrt_ok
1082e520   abort
1082ca20   atoi
ffffffff   binit
10829364   bootOtherCore
10829428   boot_bltb
1082cb00   close
10828020   configSerdes
1082c680   copy_in
10830d90   emac_port_mode
1082de00   evmI2CInit
1082d320   exit
10828218   fpgaControlUserLEDs
108283ec   fpgaDisableEepromWriteProtect
108282d8   fpgaDisableNandWriteProtect
10828364   fpgaDisableNorWriteProtect
10828430   fpgaEnableEepromWriteProtect
10828320   fpgaEnableNandWriteProtect
108283a8   fpgaEnableNorWriteProtect
108284c0   fpgaGetAMCDetect
10828474   fpgaGetUserSwitch
108285b0   fpgaReadConfigurationRegister
10828504   fpgaWriteConfigurationRegister
1082af80   fputc
10828f00   fputs
1082a420   free
1082c260   fseek
10830bdc   gDeviceEeprom0
10830c14   gDeviceEeprom1
10830b6c   gDeviceNand
1082e5d8   gDeviceNandBBlist
10830ba4   gDeviceNor
1082f928   gI2cBlock
10828180   getBoardVersion
108281cc   getFpgaDevID
10826364   gpioClearDataBus
1082652c   gpioClearFallingEdgeInterrupt
1082626c   gpioClearOutput
108264ec   gpioClearRisingEdgeInterrupt
108264b4   gpioDisableGlobalInterrupt
108264a0   gpioEnableGlobalInterrupt
10826148   gpioInit
1082642c   gpioReadDataBus
1082628c   gpioReadInput
108263c8   gpioSetDataBus
108261d0   gpioSetDataBusDirection
10826198   gpioSetDirection
1082650c   gpioSetFallingEdgeInterrupt
1082624c   gpioSetOutput
108264cc   gpioSetRisingEdgeInterrupt
108262f0   gpioWriteDataBus
10825918   i2cEepromMacRead
10825664   i2cEepromMacWrite
108251d8   i2cEepromRead
108253ec   i2cEepromWrite
10824ee4   i2cEepromWriteBlock
1082550c   i2cEepromWriteByteAddr
1082da60   lseek
1082ccc0   ltoa
108294f4   main
1082bc20   malloc
1082e180   memccpy
1082db00   memcpy
1082cda0   memset
10824a8c   nandFlashBlockErase
10824e84   nandInit
10827acc   nor_erase
10827720   nor_get_details
108277b0   nor_init
10827834   nor_read
108278d0   nor_write
1082198c   platform_blocknpage_to_offset
10820e60   platform_delay
10820ec0   platform_delaycycles
1082140c   platform_device_close
10821fec   platform_device_erase_block
10821544   platform_device_mark_block_bad
1082126c   platform_device_open
10821704   platform_device_read
108214a4   platform_device_read_spare_data
10821a84   platform_device_write
10821660   platform_device_write_spare_data
10830b58   platform_errno
10820f00   platform_external_memory_test
10820b68   platform_get_coreid
10820b74   platform_get_emac_info
10820618   platform_get_info
10820c08   platform_get_macaddr
10820ca4   platform_get_phy_addr
10820d18   platform_get_switch_state
10820928   platform_init
10830b5c   platform_init_return_code
10820f84   platform_internal_memory_test
10820e0c   platform_led
10821864   platform_offset_to_blocknpage
10820cb4   platform_phy_link_status
10820df0   platform_uart_init
10820d28   platform_uart_read
10820db8   platform_uart_set_baudrate
10820da0   platform_uart_write
10821140   platform_write
10821104   platform_write_configure
1082ce80   printf
10822f74   prog_pll1_values
10824490   readNandPage
1082de80   readmsg
1082df80   remove
10820508   serial_num_isvalid
1082b3a0   setvbuf
10827110   spi_claim
10827418   spi_cmd
10827480   spi_cmd_read
108274e0   spi_cmd_write
10827540   spi_read_word
108272c4   spi_release
108275ec   spi_write_word
108272d8   spi_xfer
1082e440   strlen
1082df00   strncpy
1082df80   unlink
1082e1e0   vsprintf
1082dce0   write
10824734   writeNandPage
1082d3e0   write_read_image
1082e240   writemsg
10823820   xmc_setup


GLOBAL SYMBOLS: SORTED BY Symbol Address 

address    name
--------   ----
00000000   __TI_STATIC_BASE
00000001   __TI_args_main
00001000   __TI_STACK_SIZE
00020000   __TI_SYSMEM_SIZE
10800000   _c_int00
10800080   _sys_memory
10820508   serial_num_isvalid
10820618   platform_get_info
10820928   platform_init
10820b68   platform_get_coreid
10820b74   platform_get_emac_info
10820c08   platform_get_macaddr
10820ca4   platform_get_phy_addr
10820cb4   platform_phy_link_status
10820d18   platform_get_switch_state
10820d28   platform_uart_read
10820da0   platform_uart_write
10820db8   platform_uart_set_baudrate
10820df0   platform_uart_init
10820e0c   platform_led
10820e60   platform_delay
10820ec0   platform_delaycycles
10820f00   platform_external_memory_test
10820f84   platform_internal_memory_test
10821104   platform_write_configure
10821140   platform_write
1082126c   platform_device_open
1082140c   platform_device_close
108214a4   platform_device_read_spare_data
10821544   platform_device_mark_block_bad
10821660   platform_device_write_spare_data
10821704   platform_device_read
10821864   platform_offset_to_blocknpage
1082198c   platform_blocknpage_to_offset
10821a84   platform_device_write
10821fec   platform_device_erase_block
108220b4   Convert_CoreLocal2GlobalAddr
10822f74   prog_pll1_values
108230d8   CorePllcHwSetup
10823334   CorePllcGetHwSetup
10823420   SetPaPllConfig
10823614   PowerUpDomains
108236b0   SetDDR3PllConfig
10823820   xmc_setup
10823874   DDR3Init
1082438c   NandReadSpareArea
10824490   readNandPage
108246d0   NandWriteDataBytes
10824734   writeNandPage
10824950   NandWriteSpareArea
10824a8c   nandFlashBlockErase
10824d80   NandGetDetails
10824e84   nandInit
10824ee4   i2cEepromWriteBlock
108251d8   i2cEepromRead
108253ec   i2cEepromWrite
1082550c   i2cEepromWriteByteAddr
10825664   i2cEepromMacWrite
10825918   i2cEepromMacRead
10826148   gpioInit
10826198   gpioSetDirection
108261d0   gpioSetDataBusDirection
1082624c   gpioSetOutput
1082626c   gpioClearOutput
1082628c   gpioReadInput
108262f0   gpioWriteDataBus
10826364   gpioClearDataBus
108263c8   gpioSetDataBus
1082642c   gpioReadDataBus
108264a0   gpioEnableGlobalInterrupt
108264b4   gpioDisableGlobalInterrupt
108264cc   gpioSetRisingEdgeInterrupt
108264ec   gpioClearRisingEdgeInterrupt
1082650c   gpioSetFallingEdgeInterrupt
1082652c   gpioClearFallingEdgeInterrupt
10826560   __c6xabi_divd
10827110   spi_claim
108272c4   spi_release
108272d8   spi_xfer
10827418   spi_cmd
10827480   spi_cmd_read
108274e0   spi_cmd_write
10827540   spi_read_word
108275ec   spi_write_word
10827720   nor_get_details
108277b0   nor_init
10827834   nor_read
108278d0   nor_write
10827acc   nor_erase
10828020   configSerdes
10828098   Init_SGMII
10828180   getBoardVersion
108281cc   getFpgaDevID
10828218   fpgaControlUserLEDs
108282d8   fpgaDisableNandWriteProtect
10828320   fpgaEnableNandWriteProtect
10828364   fpgaDisableNorWriteProtect
108283a8   fpgaEnableNorWriteProtect
108283ec   fpgaDisableEepromWriteProtect
10828430   fpgaEnableEepromWriteProtect
10828474   fpgaGetUserSwitch
108284c0   fpgaGetAMCDetect
10828504   fpgaWriteConfigurationRegister
108285b0   fpgaReadConfigurationRegister
10828640   _printfi
10828f00   fputs
10829364   bootOtherCore
108293c8   Osal_platformMalloc
108293e0   Osal_platformFree
10829400   Osal_platformSpiCsEnter
10829418   Osal_platformSpiCsExit
10829428   boot_bltb
108294f4   main
10829900   UartInit
10829a58   UartSetBaudRate
10829ad0   UartReadBaudRate
10829b40   UartReadData
10829b6c   UartWriteData
10829bcc   UartIsDataReady
1082a420   free
1082a6a0   __c6xabi_divull
1082af80   fputc
1082b3a0   setvbuf
1082b760   HOSTrename
1082b900   __c6xabi_divul
1082bc20   malloc
1082c020   _closefile
1082c260   fseek
1082c380   HOSTlseek
1082c480   _auto_init_elf
1082c580   _wrt_ok
1082c680   copy_in
1082c780   HOSTopen
1082c860   __c6xabi_divi
1082c860   __divi
1082ca20   atoi
1082cb00   close
1082cbe0   __TI_zero_init
1082ccc0   ltoa
1082cda0   memset
1082ce80   printf
1082cf60   HOSTread
1082d020   HOSTunlink
1082d0e0   HOSTwrite
1082d1a0   __c6xabi_divu
1082d1a0   __divu
1082d260   _doflush
1082d320   exit
1082d3e0   write_read_image
1082d4a0   __TI_tls_init
1082d560   HOSTclose
1082d600   __c6xabi_remu
1082d600   __remu
1082d6a0   _cleanup
1082d880   _minit
1082da60   lseek
1082db00   memcpy
1082dce0   write
1082dd80   __c6xabi_llshl
1082de00   evmI2CInit
1082de80   readmsg
1082df00   strncpy
1082df80   remove
1082df80   unlink
1082e000   __TI_cpp_init
1082e060   __c6xabi_frcmpyd_div
1082e0c0   __c6xabi_llshru
1082e120   _subcull
1082e180   memccpy
1082e1e0   vsprintf
1082e240   writemsg
1082e298   C$$IO$$
1082e2a0   SetupXMC
1082e300   __c6xabi_isinf
1082e380   _args_main
1082e400   CSL_GPIO_open
1082e440   strlen
1082e480   __c6xabi_negll
1082e4a0   _nop
1082e520   C$$EXIT
1082e520   abort
1082e540   __TI_decompress_none
1082e560   __TI_decompress_rle24
1082e5d8   gDeviceNandBBlist
1082f7e8   _tmpnams
1082f928   gI2cBlock
1082f978   _stack
10830978   __TI_STACK_END
10830978   _ftable
10830b58   platform_errno
10830b5c   platform_init_return_code
10830b6c   gDeviceNand
10830ba4   gDeviceNor
10830bdc   gDeviceEeprom0
10830c14   gDeviceEeprom1
10830c4c   _ft_end
10830d78   _cleanup_ptr
10830d7c   _dtors_ptr
10830d80   __TI_enable_exit_profile_output
10830d90   emac_port_mode
10830d98   _lock
10830d9c   _unlock
10830da0   _ctypes_
10830fe4   __CIOBUF_
1083122c   __TI_Handler_Table_Base
10831238   __TI_Handler_Table_Limit
10831240   __TI_CINIT_Base
10831250   __TI_CINIT_Limit
ffffffff   __TI_pprof_out_hndl
ffffffff   __TI_prof_data_size
ffffffff   __TI_prof_data_start
ffffffff   __binit__
ffffffff   __c_args__
ffffffff   binit
UNDEFED    __TI_INITARRAY_Base
UNDEFED    __TI_INITARRAY_Limit
UNDEFED    __TI_TLS_INIT_Base
UNDEFED    __TI_TLS_INIT_Limit

[218 symbols]
